Archive member included to satisfy reference by file (symbol)

E:/STM32CubeIDE_1.13.2/STM32CubeIDE/plugins/com.st.stm32cube.ide.mcu.externaltools.gnu-tools-for-stm32.11.3.rel1.win32_1.1.1.202309131626/tools/bin/../lib/gcc/arm-none-eabi/11.3.1/../../../../arm-none-eabi/lib/thumb/v7e-m+fp/hard\libc_nano.a(libc_a-exit.o)
                              E:/STM32CubeIDE_1.13.2/STM32CubeIDE/plugins/com.st.stm32cube.ide.mcu.externaltools.gnu-tools-for-stm32.11.3.rel1.win32_1.1.1.202309131626/tools/bin/../lib/gcc/arm-none-eabi/11.3.1/../../../../arm-none-eabi/lib/thumb/v7e-m+fp/hard/crt0.o (exit)
E:/STM32CubeIDE_1.13.2/STM32CubeIDE/plugins/com.st.stm32cube.ide.mcu.externaltools.gnu-tools-for-stm32.11.3.rel1.win32_1.1.1.202309131626/tools/bin/../lib/gcc/arm-none-eabi/11.3.1/../../../../arm-none-eabi/lib/thumb/v7e-m+fp/hard\libc_nano.a(libc_a-malloc.o)
                              ./Core/Src/ble.o (malloc)
E:/STM32CubeIDE_1.13.2/STM32CubeIDE/plugins/com.st.stm32cube.ide.mcu.externaltools.gnu-tools-for-stm32.11.3.rel1.win32_1.1.1.202309131626/tools/bin/../lib/gcc/arm-none-eabi/11.3.1/../../../../arm-none-eabi/lib/thumb/v7e-m+fp/hard\libc_nano.a(libc_a-mallocr.o)
                              E:/STM32CubeIDE_1.13.2/STM32CubeIDE/plugins/com.st.stm32cube.ide.mcu.externaltools.gnu-tools-for-stm32.11.3.rel1.win32_1.1.1.202309131626/tools/bin/../lib/gcc/arm-none-eabi/11.3.1/../../../../arm-none-eabi/lib/thumb/v7e-m+fp/hard\libc_nano.a(libc_a-malloc.o) (_malloc_r)
E:/STM32CubeIDE_1.13.2/STM32CubeIDE/plugins/com.st.stm32cube.ide.mcu.externaltools.gnu-tools-for-stm32.11.3.rel1.win32_1.1.1.202309131626/tools/bin/../lib/gcc/arm-none-eabi/11.3.1/../../../../arm-none-eabi/lib/thumb/v7e-m+fp/hard\libc_nano.a(libc_a-mlock.o)
                              E:/STM32CubeIDE_1.13.2/STM32CubeIDE/plugins/com.st.stm32cube.ide.mcu.externaltools.gnu-tools-for-stm32.11.3.rel1.win32_1.1.1.202309131626/tools/bin/../lib/gcc/arm-none-eabi/11.3.1/../../../../arm-none-eabi/lib/thumb/v7e-m+fp/hard\libc_nano.a(libc_a-mallocr.o) (__malloc_lock)
E:/STM32CubeIDE_1.13.2/STM32CubeIDE/plugins/com.st.stm32cube.ide.mcu.externaltools.gnu-tools-for-stm32.11.3.rel1.win32_1.1.1.202309131626/tools/bin/../lib/gcc/arm-none-eabi/11.3.1/../../../../arm-none-eabi/lib/thumb/v7e-m+fp/hard\libc_nano.a(libc_a-findfp.o)
                              E:/STM32CubeIDE_1.13.2/STM32CubeIDE/plugins/com.st.stm32cube.ide.mcu.externaltools.gnu-tools-for-stm32.11.3.rel1.win32_1.1.1.202309131626/tools/bin/../lib/gcc/arm-none-eabi/11.3.1/../../../../arm-none-eabi/lib/thumb/v7e-m+fp/hard\libc_nano.a(libc_a-exit.o) (__stdio_exit_handler)
E:/STM32CubeIDE_1.13.2/STM32CubeIDE/plugins/com.st.stm32cube.ide.mcu.externaltools.gnu-tools-for-stm32.11.3.rel1.win32_1.1.1.202309131626/tools/bin/../lib/gcc/arm-none-eabi/11.3.1/../../../../arm-none-eabi/lib/thumb/v7e-m+fp/hard\libc_nano.a(libc_a-fwalk.o)
                              E:/STM32CubeIDE_1.13.2/STM32CubeIDE/plugins/com.st.stm32cube.ide.mcu.externaltools.gnu-tools-for-stm32.11.3.rel1.win32_1.1.1.202309131626/tools/bin/../lib/gcc/arm-none-eabi/11.3.1/../../../../arm-none-eabi/lib/thumb/v7e-m+fp/hard\libc_nano.a(libc_a-findfp.o) (_fwalk_sglue)
E:/STM32CubeIDE_1.13.2/STM32CubeIDE/plugins/com.st.stm32cube.ide.mcu.externaltools.gnu-tools-for-stm32.11.3.rel1.win32_1.1.1.202309131626/tools/bin/../lib/gcc/arm-none-eabi/11.3.1/../../../../arm-none-eabi/lib/thumb/v7e-m+fp/hard\libc_nano.a(libc_a-snprintf.o)
                              ./Core/Src/main.o (snprintf)
E:/STM32CubeIDE_1.13.2/STM32CubeIDE/plugins/com.st.stm32cube.ide.mcu.externaltools.gnu-tools-for-stm32.11.3.rel1.win32_1.1.1.202309131626/tools/bin/../lib/gcc/arm-none-eabi/11.3.1/../../../../arm-none-eabi/lib/thumb/v7e-m+fp/hard\libc_nano.a(libc_a-stdio.o)
                              E:/STM32CubeIDE_1.13.2/STM32CubeIDE/plugins/com.st.stm32cube.ide.mcu.externaltools.gnu-tools-for-stm32.11.3.rel1.win32_1.1.1.202309131626/tools/bin/../lib/gcc/arm-none-eabi/11.3.1/../../../../arm-none-eabi/lib/thumb/v7e-m+fp/hard\libc_nano.a(libc_a-findfp.o) (__sread)
E:/STM32CubeIDE_1.13.2/STM32CubeIDE/plugins/com.st.stm32cube.ide.mcu.externaltools.gnu-tools-for-stm32.11.3.rel1.win32_1.1.1.202309131626/tools/bin/../lib/gcc/arm-none-eabi/11.3.1/../../../../arm-none-eabi/lib/thumb/v7e-m+fp/hard\libc_nano.a(libc_a-memset.o)
                              E:/STM32CubeIDE_1.13.2/STM32CubeIDE/plugins/com.st.stm32cube.ide.mcu.externaltools.gnu-tools-for-stm32.11.3.rel1.win32_1.1.1.202309131626/tools/bin/../lib/gcc/arm-none-eabi/11.3.1/../../../../arm-none-eabi/lib/thumb/v7e-m+fp/hard/crt0.o (memset)
E:/STM32CubeIDE_1.13.2/STM32CubeIDE/plugins/com.st.stm32cube.ide.mcu.externaltools.gnu-tools-for-stm32.11.3.rel1.win32_1.1.1.202309131626/tools/bin/../lib/gcc/arm-none-eabi/11.3.1/../../../../arm-none-eabi/lib/thumb/v7e-m+fp/hard\libc_nano.a(libc_a-closer.o)
[...]
Memory Configuration

Name             Origin             Length             Attributes
RAM              0x0000000020000000 0x0000000000018000 xrw
RAM2             0x0000000010000000 0x0000000000008000 xrw
FLASH            0x0000000008000000 0x0000000000100000 xr
*default*        0x0000000000000000 0xffffffffffffffff

Linker script and memory map

LOAD E:/STM32CubeIDE_1.13.2/STM32CubeIDE/plugins/com.st.stm32cube.ide.mcu.externaltools.gnu-tools-for-stm32.11.3.rel1.win32_1.1.1.202309131626/tools/bin/../lib/gcc/arm-none-eabi/11.3.1/thumb/v7e-m+fp/hard/crti.o
LOAD E:/STM32CubeIDE_1.13.2/STM32CubeIDE/plugins/com.st.stm32cube.ide.mcu.externaltools.gnu-tools-for-stm32.11.3.rel1.win32_1.1.1.202309131626/tools/bin/../lib/gcc/arm-none-eabi/11.3.1/thumb/v7e-m+fp/hard/crtbegin.o
LOAD E:/STM32CubeIDE_1.13.2/STM32CubeIDE/plugins/com.st.stm32cube.ide.mcu.externaltools.gnu-tools-for-stm32.11.3.rel1.win32_1.1.1.202309131626/tools/bin/../lib/gcc/arm-none-eabi/11.3.1/../../../../arm-none-eabi/lib/thumb/v7e-m+fp/hard/crt0.o
LOAD ./Core/Src/ble.o
LOAD ./Core/Src/i2c.o
LOAD ./Core/Src/leds.o
LOAD ./Core/Src/lsm6dsl.o
LOAD ./Core/Src/main.o
LOAD ./Core/Src/stm32l4xx_hal_msp.o
LOAD ./Core/Src/stm32l4xx_it.o
LOAD ./Core/Src/syscalls.o
LOAD ./Core/Src/system_stm32l4xx.o
LOAD ./Core/Src/timer.o
LOAD ./Core/Startup/startup_stm32l475vgtx.o
LOAD ./Drivers/STM32L4xx_HAL_Driver/Src/stm32l4xx_hal.o
LOAD ./Drivers/STM32L4xx_HAL_Driver/Src/stm32l4xx_hal_cortex.o
LOAD ./Drivers/STM32L4xx_HAL_Driver/Src/stm32l4xx_hal_dma.o
LOAD ./Drivers/STM32L4xx_HAL_Driver/Src/stm32l4xx_hal_dma_ex.o
LOAD ./Drivers/STM32L4xx_HAL_Driver/Src/stm32l4xx_hal_exti.o
LOAD ./Drivers/STM32L4xx_HAL_Driver/Src/stm32l4xx_hal_flash.o
LOAD ./Drivers/STM32L4xx_HAL_Driver/Src/stm32l4xx_hal_flash_ex.o
LOAD ./Drivers/STM32L4xx_HAL_Driver/Src/stm32l4xx_hal_flash_ramfunc.o
LOAD ./Drivers/STM32L4xx_HAL_Driver/Src/stm32l4xx_hal_gpio.o
LOAD ./Drivers/STM32L4xx_HAL_Driver/Src/stm32l4xx_hal_i2c.o
LOAD ./Drivers/STM32L4xx_HAL_Driver/Src/stm32l4xx_hal_i2c_ex.o
LOAD ./Drivers/STM32L4xx_HAL_Driver/Src/stm32l4xx_hal_pwr.o
LOAD ./Drivers/STM32L4xx_HAL_Driver/Src/stm32l4xx_hal_pwr_ex.o
LOAD ./Drivers/STM32L4xx_HAL_Driver/Src/stm32l4xx_hal_rcc.o
LOAD ./Drivers/STM32L4xx_HAL_Driver/Src/stm32l4xx_hal_rcc_ex.o
LOAD ./Drivers/STM32L4xx_HAL_Driver/Src/stm32l4xx_hal_spi.o
LOAD ./Drivers/STM32L4xx_HAL_Driver/Src/stm32l4xx_hal_spi_ex.o
LOAD ./Drivers/STM32L4xx_HAL_Driver/Src/stm32l4xx_hal_tim.o
LOAD ./Drivers/STM32L4xx_HAL_Driver/Src/stm32l4xx_hal_tim_ex.o
START GROUP
LOAD E:/STM32CubeIDE_1.13.2/STM32CubeIDE/plugins/com.st.stm32cube.ide.mcu.externaltools.gnu-tools-for-stm32.11.3.rel1.win32_1.1.1.202309131626/tools/bin/../lib/gcc/arm-none-eabi/11.3.1/../../../../arm-none-eabi/lib/thumb/v7e-m+fp/hard\libc_nano.a
LOAD E:/STM32CubeIDE_1.13.2/STM32CubeIDE/plugins/com.st.stm32cube.ide.mcu.externaltools.gnu-tools-for-stm32.11.3.rel1.win32_1.1.1.202309131626/tools/bin/../lib/gcc/arm-none-eabi/11.3.1/../../../../arm-none-eabi/lib/thumb/v7e-m+fp/hard\libm.a
END GROUP
START GROUP
LOAD E:/STM32CubeIDE_1.13.2/STM32CubeIDE/plugins/com.st.stm32cube.ide.mcu.externaltools.gnu-tools-for-stm32.11.3.rel1.win32_1.1.1.202309131626/tools/bin/../lib/gcc/arm-none-eabi/11.3.1/thumb/v7e-m+fp/hard\libgcc.a
LOAD E:/STM32CubeIDE_1.13.2/STM32CubeIDE/plugins/com.st.stm32cube.ide.mcu.externaltools.gnu-tools-for-stm32.11.3.rel1.win32_1.1.1.202309131626/tools/bin/../lib/gcc/arm-none-eabi/11.3.1/../../../../arm-none-eabi/lib/thumb/v7e-m+fp/hard\libc_nano.a
END GROUP
START GROUP
LOAD E:/STM32CubeIDE_1.13.2/STM32CubeIDE/plugins/com.st.stm32cube.ide.mcu.externaltools.gnu-tools-for-stm32.11.3.rel1.win32_1.1.1.202309131626/tools/bin/../lib/gcc/arm-none-eabi/11.3.1/thumb/v7e-m+fp/hard\libgcc.a
LOAD E:/STM32CubeIDE_1.13.2/STM32CubeIDE/plugins/com.st.stm32cube.ide.mcu.externaltools.gnu-tools-for-stm32.11.3.rel1.win32_1.1.1.202309131626/tools/bin/../lib/gcc/arm-none-eabi/11.3.1/../../../../arm-none-eabi/lib/thumb/v7e-m+fp/hard\libc_nano.a
LOAD E:/STM32CubeIDE_1.13.2/STM32CubeIDE/plugins/com.st.stm32cube.ide.mcu.externaltools.gnu-tools-for-stm32.11.3.rel1.win32_1.1.1.202309131626/tools/bin/../lib/gcc/arm-none-eabi/11.3.1/../../../../arm-none-eabi/lib/thumb/v7e-m+fp/hard\libnosys.a
END GROUP
START GROUP
LOAD E:/STM32CubeIDE_1.13.2/STM32CubeIDE/plugins/com.st.stm32cube.ide.mcu.externaltools.gnu-tools-for-stm32.11.3.rel1.win32_1.1.1.202309131626/tools/bin/../lib/gcc/arm-none-eabi/11.3.1/thumb/v7e-m+fp/hard\libgcc.a
LOAD E:/STM32CubeIDE_1.13.2/STM32CubeIDE/plugins/com.st.stm32cube.ide.mcu.externaltools.gnu-tools-for-stm32.11.3.rel1.win32_1.1.1.202309131626/tools/bin/../lib/gcc/arm-none-eabi/11.3.1/../../../../arm-none-eabi/lib/thumb/v7e-m+fp/hard\libc_nano.a
LOAD E:/STM32CubeIDE_1.13.2/STM32CubeIDE/plugins/com.st.stm32cube.ide.mcu.externaltools.gnu-tools-for-stm32.11.3.rel1.win32_1.1.1.202309131626/tools/bin/../lib/gcc/arm-none-eabi/11.3.1/../../../../arm-none-eabi/lib/thumb/v7e-m+fp/hard\libnosys.a
END GROUP
LOAD E:/STM32CubeIDE_1.13.2/STM32CubeIDE/plugins/com.st.stm32cube.ide.mcu.externaltools.gnu-tools-for-stm32.11.3.rel1.win32_1.1.1.202309131626/tools/bin/../lib/gcc/arm-none-eabi/11.3.1/thumb/v7e-m+fp/hard/crtend.o
LOAD E:/STM32CubeIDE_1.13.2/STM32CubeIDE/plugins/com.st.stm32cube.ide.mcu.externaltools.gnu-tools-for-stm32.11.3.rel1.win32_1.1.1.202309131626/tools/bin/../lib/gcc/arm-none-eabi/11.3.1/thumb/v7e-m+fp/hard/crtn.o
                0x0000000020018000                _estack = (ORIGIN (RAM) + LENGTH (RAM))
                0x0000000000000200                _Min_Heap_Size = 0x200
                0x0000000000000400                _Min_Stack_Size = 0x400

.isr_vector     0x0000000008000000      0x188
                0x0000000008000000                . = ALIGN (0x4)
 *(.isr_vector)
 .isr_vector    0x0000000008000000      0x188 ./Core/Startup/startup_stm32l475vgtx.o
                0x0000000008000000                g_pfnVectors
                0x0000000008000188                . = ALIGN (0x4)

.text           0x0000000008000190     0x3f0c
                0x0000000008000190                . = ALIGN (0x4)
 *(.text)
 .text          0x0000000008000190       0x40 E:/STM32CubeIDE_1.13.2/STM32CubeIDE/plugins/com.st.stm32cube.ide.mcu.externaltools.gnu-tools-for-stm32.11.3.rel1.win32_1.1.1.202309131626/tools/bin/../lib/gcc/arm-none-eabi/11.3.1/thumb/v7e-m+fp/hard/crtbegin.o
 .text          0x00000000080001d0       0x10 E:/STM32CubeIDE_1.13.2/STM32CubeIDE/plugins/com.st.stm32cube.ide.mcu.externaltools.gnu-tools-for-stm32.11.3.rel1.win32_1.1.1.202309131626/tools/bin/../lib/gcc/arm-none-eabi/11.3.1/../../../../arm-none-eabi/lib/thumb/v7e-m+fp/hard\libc_nano.a(libc_a-strlen.o)
                0x00000000080001d0                strlen
 .text          0x00000000080001e0       0xa0 E:/STM32CubeIDE_1.13.2/STM32CubeIDE/plugins/com.st.stm32cube.ide.mcu.externaltools.gnu-tools-for-stm32.11.3.rel1.win32_1.1.1.202309131626/tools/bin/../lib/gcc/arm-none-eabi/11.3.1/../../../../arm-none-eabi/lib/thumb/v7e-m+fp/hard\libc_nano.a(libc_a-memchr.o)
                0x00000000080001e0                memchr
 *(.text*)
 .text.ble_init
                0x0000000008000280      0x234 ./Core/Src/ble.o
                0x0000000008000280                ble_init
 .text.standbyBle
                0x00000000080004b4       0x34 ./Core/Src/ble.o
                0x00000000080004b4                standbyBle
 .text.fetchBleEvent
                0x00000000080004e8      0x114 ./Core/Src/ble.o
                0x00000000080004e8                fetchBleEvent
 .text.checkEventResp
                0x00000000080005fc       0x4c ./Core/Src/ble.o
                0x00000000080005fc                checkEventResp
 .text.sendCommand
                0x0000000008000648       0x98 ./Core/Src/ble.o
                0x0000000008000648                sendCommand
 .text.catchBLE
                0x00000000080006e0       0x3c ./Core/Src/ble.o
                0x00000000080006e0                catchBLE
 .text.setConnectable
                0x000000000800071c      0x104 ./Core/Src/ble.o
                0x000000000800071c                setConnectable
 .text.BLE_command
                0x0000000008000820       0x98 ./Core/Src/ble.o
                0x0000000008000820                BLE_command
 .text.addService
                0x00000000080008b8       0x70 ./Core/Src/ble.o
                0x00000000080008b8                addService
 .text.addCharacteristic
                0x0000000008000928       0x84 ./Core/Src/ble.o
                0x0000000008000928                addCharacteristic
 .text.updateCharValue
                0x00000000080009ac       0xa8 ./Core/Src/ble.o
                0x00000000080009ac                updateCharValue
 .text.i2c_init
                0x0000000008000a54       0xe0 ./Core/Src/i2c.o
                0x0000000008000a54                i2c_init
 .text.i2c_transaction
                0x0000000008000b34      0x118 ./Core/Src/i2c.o
                0x0000000008000b34                i2c_transaction
 .text.leds_init
                0x0000000008000c4c       0xd8 ./Core/Src/leds.o
                0x0000000008000c4c                leds_init
 .text.leds_set
                0x0000000008000d24       0xa4 ./Core/Src/leds.o
                0x0000000008000d24                leds_set
 .text.lsm6dsl_init
                0x0000000008000dc8       0x32 ./Core/Src/lsm6dsl.o
                0x0000000008000dc8                lsm6dsl_init
 .text.lsm6dsl_read_xyz
                0x0000000008000dfa      0x112 ./Core/Src/lsm6dsl.o
                0x0000000008000dfa                lsm6dsl_read_xyz
 .text.DisconnectAndSuspend
                0x0000000008000f0c       0x38 ./Core/Src/main.o
                0x0000000008000f0c                DisconnectAndSuspend
 .text.TIM2_IRQHandler
                0x0000000008000f44      0x140 ./Core/Src/main.o
                0x0000000008000f44                TIM2_IRQHandler
 .text.main     0x0000000008001084      0x174 ./Core/Src/main.o
                0x0000000008001084                main
 .text.SystemClock_Config
                0x00000000080011f8       0x8c ./Core/Src/main.o
                0x00000000080011f8                SystemClock_Config
 .text.MX_SPI3_Init
                0x0000000008001284       0x7c ./Core/Src/main.o
 .text.MX_GPIO_Init
                0x0000000008001300      0x130 ./Core/Src/main.o
 .text.Error_Handler
                0x0000000008001430        0xa ./Core/Src/main.o
                0x0000000008001430                Error_Handler
 *fill*         0x000000000800143a        0x2 
 .text.HAL_MspInit
                0x000000000800143c       0x48 ./Core/Src/stm32l4xx_hal_msp.o
                0x000000000800143c                HAL_MspInit
 .text.HAL_SPI_MspInit
                0x0000000008001484       0x88 ./Core/Src/stm32l4xx_hal_msp.o
                0x0000000008001484                HAL_SPI_MspInit
 .text.NMI_Handler
                0x000000000800150c        0x6 ./Core/Src/stm32l4xx_it.o
                0x000000000800150c                NMI_Handler
 .text.HardFault_Handler
                0x0000000008001512        0x6 ./Core/Src/stm32l4xx_it.o
                0x0000000008001512                HardFault_Handler
 .text.MemManage_Handler
                0x0000000008001518        0x6 ./Core/Src/stm32l4xx_it.o
                0x0000000008001518                MemManage_Handler
 .text.BusFault_Handler
                0x000000000800151e        0x6 ./Core/Src/stm32l4xx_it.o
                0x000000000800151e                BusFault_Handler
 .text.UsageFault_Handler
                0x0000000008001524        0x6 ./Core/Src/stm32l4xx_it.o
                0x0000000008001524                UsageFault_Handler
 .text.SVC_Handler
                0x000000000800152a        0xe ./Core/Src/stm32l4xx_it.o
                0x000000000800152a                SVC_Handler
 .text.DebugMon_Handler
                0x0000000008001538        0xe ./Core/Src/stm32l4xx_it.o
                0x0000000008001538                DebugMon_Handler
 .text.PendSV_Handler
                0x0000000008001546        0xe ./Core/Src/stm32l4xx_it.o
                0x0000000008001546                PendSV_Handler
 .text.SysTick_Handler
                0x0000000008001554        0xc ./Core/Src/stm32l4xx_it.o
                0x0000000008001554                SysTick_Handler
 .text.EXTI9_5_IRQHandler
                0x0000000008001560       0x18 ./Core/Src/stm32l4xx_it.o
                0x0000000008001560                EXTI9_5_IRQHandler
 .text._sbrk    0x0000000008001578       0x58 ./Core/Src/syscalls.o
                0x0000000008001578                _sbrk
 .text.SystemInit
                0x00000000080015d0       0x6c ./Core/Src/system_stm32l4xx.o
                0x00000000080015d0                SystemInit
 .text.__NVIC_EnableIRQ
                0x000000000800163c       0x3c ./Core/Src/timer.o
 .text.__NVIC_SetPriority
                0x0000000008001678       0x54 ./Core/Src/timer.o
 .text.timer_init
                0x00000000080016cc       0xac ./Core/Src/timer.o
                0x00000000080016cc                timer_init
 .text.timer_reset
                0x0000000008001778       0x1a ./Core/Src/timer.o
                0x0000000008001778                timer_reset
 .text.timer_set_ms
                0x0000000008001792       0x2a ./Core/Src/timer.o
                0x0000000008001792                timer_set_ms
 .text.Reset_Handler
                0x00000000080017bc       0x50 ./Core/Startup/startup_stm32l475vgtx.o
                0x00000000080017bc                Reset_Handler
 .text.Default_Handler
                0x000000000800180c        0x2 ./Core/Startup/startup_stm32l475vgtx.o
                0x000000000800180c                RTC_Alarm_IRQHandler
                0x000000000800180c                EXTI2_IRQHandler
                0x000000000800180c                TIM8_TRG_COM_IRQHandler
                0x000000000800180c                TIM8_CC_IRQHandler
                0x000000000800180c                TIM1_CC_IRQHandler
                0x000000000800180c                TSC_IRQHandler
                0x000000000800180c                TAMP_STAMP_IRQHandler
                0x000000000800180c                EXTI3_IRQHandler
                0x000000000800180c                LPTIM2_IRQHandler
                0x000000000800180c                DFSDM1_FLT1_IRQHandler
                0x000000000800180c                I2C3_ER_IRQHandler
                0x000000000800180c                DFSDM1_FLT2_IRQHandler
                0x000000000800180c                EXTI0_IRQHandler
                0x000000000800180c                I2C2_EV_IRQHandler
                0x000000000800180c                CAN1_RX0_IRQHandler
                0x000000000800180c                FPU_IRQHandler
                0x000000000800180c                TIM1_UP_TIM16_IRQHandler
                0x000000000800180c                ADC1_2_IRQHandler
                0x000000000800180c                SPI1_IRQHandler
                0x000000000800180c                TIM6_DAC_IRQHandler
                0x000000000800180c                TIM8_UP_IRQHandler
                0x000000000800180c                DMA2_Channel2_IRQHandler
                0x000000000800180c                DMA1_Channel4_IRQHandler
                0x000000000800180c                SAI2_IRQHandler
                0x000000000800180c                DFSDM1_FLT3_IRQHandler
                0x000000000800180c                USART3_IRQHandler
                0x000000000800180c                DMA1_Channel7_IRQHandler
                0x000000000800180c                CAN1_RX1_IRQHandler
                0x000000000800180c                UART5_IRQHandler
                0x000000000800180c                ADC3_IRQHandler
                0x000000000800180c                TIM4_IRQHandler
                0x000000000800180c                DMA2_Channel1_IRQHandler
                0x000000000800180c                QUADSPI_IRQHandler
                0x000000000800180c                I2C1_EV_IRQHandler
                0x000000000800180c                DMA1_Channel6_IRQHandler
                0x000000000800180c                UART4_IRQHandler
                0x000000000800180c                DMA2_Channel4_IRQHandler
                0x000000000800180c                TIM3_IRQHandler
                0x000000000800180c                RCC_IRQHandler
                0x000000000800180c                DMA1_Channel1_IRQHandler
                0x000000000800180c                Default_Handler
                0x000000000800180c                DMA2_Channel7_IRQHandler
                0x000000000800180c                EXTI15_10_IRQHandler
                0x000000000800180c                TIM7_IRQHandler
                0x000000000800180c                SDMMC1_IRQHandler
                0x000000000800180c                TIM5_IRQHandler
                0x000000000800180c                I2C3_EV_IRQHandler
                0x000000000800180c                RTC_WKUP_IRQHandler
                0x000000000800180c                PVD_PVM_IRQHandler
                0x000000000800180c                SPI2_IRQHandler
                0x000000000800180c                CAN1_TX_IRQHandler
                0x000000000800180c                DMA2_Channel5_IRQHandler
                0x000000000800180c                DMA1_Channel5_IRQHandler
                0x000000000800180c                EXTI4_IRQHandler
                0x000000000800180c                RNG_IRQHandler
                0x000000000800180c                TIM1_TRG_COM_TIM17_IRQHandler
                0x000000000800180c                DMA1_Channel3_IRQHandler
                0x000000000800180c                COMP_IRQHandler
                0x000000000800180c                WWDG_IRQHandler
                0x000000000800180c                LPUART1_IRQHandler
                0x000000000800180c                DMA2_Channel6_IRQHandler
                0x000000000800180c                EXTI1_IRQHandler
                0x000000000800180c                USART2_IRQHandler
                0x000000000800180c                DFSDM1_FLT0_IRQHandler
                0x000000000800180c                I2C2_ER_IRQHandler
                0x000000000800180c                DMA1_Channel2_IRQHandler
                0x000000000800180c                TIM8_BRK_IRQHandler
                0x000000000800180c                CAN1_SCE_IRQHandler
                0x000000000800180c                FLASH_IRQHandler
                0x000000000800180c                USART1_IRQHandler
                0x000000000800180c                OTG_FS_IRQHandler
                0x000000000800180c                SPI3_IRQHandler
                0x000000000800180c                I2C1_ER_IRQHandler
                0x000000000800180c                FMC_IRQHandler
                0x000000000800180c                SWPMI1_IRQHandler
                0x000000000800180c                LPTIM1_IRQHandler
                0x000000000800180c                SAI1_IRQHandler
                0x000000000800180c                DMA2_Channel3_IRQHandler
                0x000000000800180c                TIM1_BRK_TIM15_IRQHandler
 .text.HAL_Init
                0x000000000800180e       0x30 ./Drivers/STM32L4xx_HAL_Driver/Src/stm32l4xx_hal.o
                0x000000000800180e                HAL_Init
 *fill*         0x000000000800183e        0x2 
 .text.HAL_InitTick
                0x0000000008001840       0x78 ./Drivers/STM32L4xx_HAL_Driver/Src/stm32l4xx_hal.o
                0x0000000008001840                HAL_InitTick
 .text.HAL_IncTick
                0x00000000080018b8       0x28 ./Drivers/STM32L4xx_HAL_Driver/Src/stm32l4xx_hal.o
                0x00000000080018b8                HAL_IncTick
 .text.HAL_GetTick
                0x00000000080018e0       0x18 ./Drivers/STM32L4xx_HAL_Driver/Src/stm32l4xx_hal.o
                0x00000000080018e0                HAL_GetTick
 .text.HAL_Delay
                0x00000000080018f8       0x48 ./Drivers/STM32L4xx_HAL_Driver/Src/stm32l4xx_hal.o
                0x00000000080018f8                HAL_Delay
 .text.__NVIC_SetPriorityGrouping
                0x0000000008001940       0x48 ./Drivers/STM32L4xx_HAL_Driver/Src/stm32l4xx_hal_cortex.o
 .text.__NVIC_GetPriorityGrouping
                0x0000000008001988       0x1c ./Drivers/STM32L4xx_HAL_Driver/Src/stm32l4xx_hal_cortex.o
 .text.__NVIC_EnableIRQ
                0x00000000080019a4       0x3c ./Drivers/STM32L4xx_HAL_Driver/Src/stm32l4xx_hal_cortex.o
 .text.__NVIC_SetPriority
                0x00000000080019e0       0x54 ./Drivers/STM32L4xx_HAL_Driver/Src/stm32l4xx_hal_cortex.o
 .text.NVIC_EncodePriority
                0x0000000008001a34       0x66 ./Drivers/STM32L4xx_HAL_Driver/Src/stm32l4xx_hal_cortex.o
 *fill*         0x0000000008001a9a        0x2 
 .text.SysTick_Config
                0x0000000008001a9c       0x44 ./Drivers/STM32L4xx_HAL_Driver/Src/stm32l4xx_hal_cortex.o
 .text.HAL_NVIC_SetPriorityGrouping
                0x0000000008001ae0       0x16 ./Drivers/STM32L4xx_HAL_Driver/Src/stm32l4xx_hal_cortex.o
                0x0000000008001ae0                HAL_NVIC_SetPriorityGrouping
 .text.HAL_NVIC_SetPriority
                0x0000000008001af6       0x38 ./Drivers/STM32L4xx_HAL_Driver/Src/stm32l4xx_hal_cortex.o
                0x0000000008001af6                HAL_NVIC_SetPriority
 .text.HAL_NVIC_EnableIRQ
                0x0000000008001b2e       0x1c ./Drivers/STM32L4xx_HAL_Driver/Src/stm32l4xx_hal_cortex.o
                0x0000000008001b2e                HAL_NVIC_EnableIRQ
 .text.HAL_SYSTICK_Config
                0x0000000008001b4a       0x18 ./Drivers/STM32L4xx_HAL_Driver/Src/stm32l4xx_hal_cortex.o
                0x0000000008001b4a                HAL_SYSTICK_Config
 *fill*         0x0000000008001b62        0x2 
 .text.HAL_GPIO_Init
                0x0000000008001b64      0x354 ./Drivers/STM32L4xx_HAL_Driver/Src/stm32l4xx_hal_gpio.o
                0x0000000008001b64                HAL_GPIO_Init
 .text.HAL_GPIO_ReadPin
                0x0000000008001eb8       0x30 ./Drivers/STM32L4xx_HAL_Driver/Src/stm32l4xx_hal_gpio.o
                0x0000000008001eb8                HAL_GPIO_ReadPin
 .text.HAL_GPIO_WritePin
                0x0000000008001ee8       0x30 ./Drivers/STM32L4xx_HAL_Driver/Src/stm32l4xx_hal_gpio.o
                0x0000000008001ee8                HAL_GPIO_WritePin
 .text.HAL_GPIO_EXTI_IRQHandler
                0x0000000008001f18       0x30 ./Drivers/STM32L4xx_HAL_Driver/Src/stm32l4xx_hal_gpio.o
                0x0000000008001f18                HAL_GPIO_EXTI_IRQHandler
 .text.HAL_GPIO_EXTI_Callback
                0x0000000008001f48       0x16 ./Drivers/STM32L4xx_HAL_Driver/Src/stm32l4xx_hal_gpio.o
                0x0000000008001f48                HAL_GPIO_EXTI_Callback
 *fill*         0x0000000008001f5e        0x2 
 .text.HAL_PWREx_GetVoltageRange
                0x0000000008001f60       0x1c ./Drivers/STM32L4xx_HAL_Driver/Src/stm32l4xx_hal_pwr_ex.o
                0x0000000008001f60                HAL_PWREx_GetVoltageRange
 .text.HAL_PWREx_ControlVoltageScaling
                0x0000000008001f7c       0xac ./Drivers/STM32L4xx_HAL_Driver/Src/stm32l4xx_hal_pwr_ex.o
                0x0000000008001f7c                HAL_PWREx_ControlVoltageScaling
 .text.HAL_RCC_OscConfig
                0x0000000008002028      0x7b8 ./Drivers/STM32L4xx_HAL_Driver/Src/stm32l4xx_hal_rcc.o
                0x0000000008002028                HAL_RCC_OscConfig
 .text.HAL_RCC_ClockConfig
                0x00000000080027e0      0x200 ./Drivers/STM32L4xx_HAL_Driver/Src/stm32l4xx_hal_rcc.o
                0x00000000080027e0                HAL_RCC_ClockConfig
 .text.HAL_RCC_GetSysClockFreq
                0x00000000080029e0      0x118 ./Drivers/STM32L4xx_HAL_Driver/Src/stm32l4xx_hal_rcc.o
                0x00000000080029e0                HAL_RCC_GetSysClockFreq
 .text.RCC_SetFlashLatencyFromMSIRange
                0x0000000008002af8       0xc0 ./Drivers/STM32L4xx_HAL_Driver/Src/stm32l4xx_hal_rcc.o
 .text.HAL_SPI_Init
                0x0000000008002bb8      0x146 ./Drivers/STM32L4xx_HAL_Driver/Src/stm32l4xx_hal_spi.o
                0x0000000008002bb8                HAL_SPI_Init
 .text.HAL_SPI_Transmit
                0x0000000008002cfe      0x2ea ./Drivers/STM32L4xx_HAL_Driver/Src/stm32l4xx_hal_spi.o
                0x0000000008002cfe                HAL_SPI_Transmit
 .text.HAL_SPI_TransmitReceive
                0x0000000008002fe8      0x444 ./Drivers/STM32L4xx_HAL_Driver/Src/stm32l4xx_hal_spi.o
                0x0000000008002fe8                HAL_SPI_TransmitReceive
 .text.SPI_WaitFlagStateUntilTimeout
                0x000000000800342c      0x110 ./Drivers/STM32L4xx_HAL_Driver/Src/stm32l4xx_hal_spi.o
 .text.SPI_WaitFifoStateUntilTimeout
                0x000000000800353c      0x12c ./Drivers/STM32L4xx_HAL_Driver/Src/stm32l4xx_hal_spi.o
 .text.SPI_EndRxTxTransaction
                0x0000000008003668       0x8c ./Drivers/STM32L4xx_HAL_Driver/Src/stm32l4xx_hal_spi.o
 .text.malloc   0x00000000080036f4       0x10 E:/STM32CubeIDE_1.13.2/STM32CubeIDE/plugins/com.st.stm32cube.ide.mcu.externaltools.gnu-tools-for-stm32.11.3.rel1.win32_1.1.1.202309131626/tools/bin/../lib/gcc/arm-none-eabi/11.3.1/../../../../arm-none-eabi/lib/thumb/v7e-m+fp/hard\libc_nano.a(libc_a-malloc.o)
                0x00000000080036f4                malloc
 .text.free     0x0000000008003704       0x10 E:/STM32CubeIDE_1.13.2/STM32CubeIDE/plugins/com.st.stm32cube.ide.mcu.externaltools.gnu-tools-for-stm32.11.3.rel1.win32_1.1.1.202309131626/tools/bin/../lib/gcc/arm-none-eabi/11.3.1/../../../../arm-none-eabi/lib/thumb/v7e-m+fp/hard\libc_nano.a(libc_a-malloc.o)
                0x0000000008003704                free
 .text.sbrk_aligned
                0x0000000008003714       0x40 E:/STM32CubeIDE_1.13.2/STM32CubeIDE/plugins/com.st.stm32cube.ide.mcu.externaltools.gnu-tools-for-stm32.11.3.rel1.win32_1.1.1.202309131626/tools/bin/../lib/gcc/arm-none-eabi/11.3.1/../../../../arm-none-eabi/lib/thumb/v7e-m+fp/hard\libc_nano.a(libc_a-mallocr.o)
 .text._malloc_r
                0x0000000008003754      0x100 E:/STM32CubeIDE_1.13.2/STM32CubeIDE/plugins/com.st.stm32cube.ide.mcu.externaltools.gnu-tools-for-stm32.11.3.rel1.win32_1.1.1.202309131626/tools/bin/../lib/gcc/arm-none-eabi/11.3.1/../../../../arm-none-eabi/lib/thumb/v7e-m+fp/hard\libc_nano.a(libc_a-mallocr.o)
                0x0000000008003754                _malloc_r
 .text.__malloc_lock
                0x0000000008003854        0xc E:/STM32CubeIDE_1.13.2/STM32CubeIDE/plugins/com.st.stm32cube.ide.mcu.externaltools.gnu-tools-for-stm32.11.3.rel1.win32_1.1.1.202309131626/tools/bin/../lib/gcc/arm-none-eabi/11.3.1/../../../../arm-none-eabi/lib/thumb/v7e-m+fp/hard\libc_nano.a(libc_a-mlock.o)
                0x0000000008003854                __malloc_lock
 .text.__malloc_unlock
                0x0000000008003860        0xc E:/STM32CubeIDE_1.13.2/STM32CubeIDE/plugins/com.st.stm32cube.ide.mcu.externaltools.gnu-tools-for-stm32.11.3.rel1.win32_1.1.1.202309131626/tools/bin/../lib/gcc/arm-none-eabi/11.3.1/../../../../arm-none-eabi/lib/thumb/v7e-m+fp/hard\libc_nano.a(libc_a-mlock.o)
                0x0000000008003860                __malloc_unlock
 .text.snprintf
                0x000000000800386c       0x68 E:/STM32CubeIDE_1.13.2/STM32CubeIDE/plugins/com.st.stm32cube.ide.mcu.externaltools.gnu-tools-for-stm32.11.3.rel1.win32_1.1.1.202309131626/tools/bin/../lib/gcc/arm-none-eabi/11.3.1/../../../../arm-none-eabi/lib/thumb/v7e-m+fp/hard\libc_nano.a(libc_a-snprintf.o)
                0x000000000800386c                sniprintf
                0x000000000800386c                snprintf
 .text.memset   0x00000000080038d4       0x10 E:/STM32CubeIDE_1.13.2/STM32CubeIDE/plugins/com.st.stm32cube.ide.mcu.externaltools.gnu-tools-for-stm32.11.3.rel1.win32_1.1.1.202309131626/tools/bin/../lib/gcc/arm-none-eabi/11.3.1/../../../../arm-none-eabi/lib/thumb/v7e-m+fp/hard\libc_nano.a(libc_a-memset.o)
                0x00000000080038d4                memset
 .text._sbrk_r  0x00000000080038e4       0x20 E:/STM32CubeIDE_1.13.2/STM32CubeIDE/plugins/com.st.stm32cube.ide.mcu.externaltools.gnu-tools-for-stm32.11.3.rel1.win32_1.1.1.202309131626/tools/bin/../lib/gcc/arm-none-eabi/11.3.1/../../../../arm-none-eabi/lib/thumb/v7e-m+fp/hard\libc_nano.a(libc_a-sbrkr.o)
                0x00000000080038e4                _sbrk_r
 .text.__errno  0x0000000008003904        0xc E:/STM32CubeIDE_1.13.2/STM32CubeIDE/plugins/com.st.stm32cube.ide.mcu.externaltools.gnu-tools-for-stm32.11.3.rel1.win32_1.1.1.202309131626/tools/bin/../lib/gcc/arm-none-eabi/11.3.1/../../../../arm-none-eabi/lib/thumb/v7e-m+fp/hard\libc_nano.a(libc_a-errno.o)
                0x0000000008003904                __errno
 .text.__libc_init_array
                0x0000000008003910       0x48 E:/STM32CubeIDE_1.13.2/STM32CubeIDE/plugins/com.st.stm32cube.ide.mcu.externaltools.gnu-tools-for-stm32.11.3.rel1.win32_1.1.1.202309131626/tools/bin/../lib/gcc/arm-none-eabi/11.3.1/../../../../arm-none-eabi/lib/thumb/v7e-m+fp/hard\libc_nano.a(libc_a-init.o)
                0x0000000008003910                __libc_init_array
 .text.__retarget_lock_acquire_recursive
                0x0000000008003958        0x2 E:/STM32CubeIDE_1.13.2/STM32CubeIDE/plugins/com.st.stm32cube.ide.mcu.externaltools.gnu-tools-for-stm32.11.3.rel1.win32_1.1.1.202309131626/tools/bin/../lib/gcc/arm-none-eabi/11.3.1/../../../../arm-none-eabi/lib/thumb/v7e-m+fp/hard\libc_nano.a(libc_a-lock.o)
                0x0000000008003958                __retarget_lock_acquire_recursive
 .text.__retarget_lock_release_recursive
                0x000000000800395a        0x2 E:/STM32CubeIDE_1.13.2/STM32CubeIDE/plugins/com.st.stm32cube.ide.mcu.externaltools.gnu-tools-for-stm32.11.3.rel1.win32_1.1.1.202309131626/tools/bin/../lib/gcc/arm-none-eabi/11.3.1/../../../../arm-none-eabi/lib/thumb/v7e-m+fp/hard\libc_nano.a(libc_a-lock.o)
                0x000000000800395a                __retarget_lock_release_recursive
 .text.memcpy   0x000000000800395c       0x1c E:/STM32CubeIDE_1.13.2/STM32CubeIDE/plugins/com.st.stm32cube.ide.mcu.externaltools.gnu-tools-for-stm32.11.3.rel1.win32_1.1.1.202309131626/tools/bin/../lib/gcc/arm-none-eabi/11.3.1/../../../../arm-none-eabi/lib/thumb/v7e-m+fp/hard\libc_nano.a(libc_a-memcpy-stub.o)
                0x000000000800395c                memcpy
 .text._free_r  0x0000000008003978       0x98 E:/STM32CubeIDE_1.13.2/STM32CubeIDE/plugins/com.st.stm32cube.ide.mcu.externaltools.gnu-tools-for-stm32.11.3.rel1.win32_1.1.1.202309131626/tools/bin/../lib/gcc/arm-none-eabi/11.3.1/../../../../arm-none-eabi/lib/thumb/v7e-m+fp/hard\libc_nano.a(libc_a-freer.o)
                0x0000000008003978                _free_r
 .text.__ssputs_r
                0x0000000008003a10       0xb4 E:/STM32CubeIDE_1.13.2/STM32CubeIDE/plugins/com.st.stm32cube.ide.mcu.externaltools.gnu-tools-for-stm32.11.3.rel1.win32_1.1.1.202309131626/tools/bin/../lib/gcc/arm-none-eabi/11.3.1/../../../../arm-none-eabi/lib/thumb/v7e-m+fp/hard\libc_nano.a(libc_a-nano-svfprintf.o)
                0x0000000008003a10                __ssputs_r
 .text._svfprintf_r
                0x0000000008003ac4      0x1fc E:/STM32CubeIDE_1.13.2/STM32CubeIDE/plugins/com.st.stm32cube.ide.mcu.externaltools.gnu-tools-for-stm32.11.3.rel1.win32_1.1.1.202309131626/tools/bin/../lib/gcc/arm-none-eabi/11.3.1/../../../../arm-none-eabi/lib/thumb/v7e-m+fp/hard\libc_nano.a(libc_a-nano-svfprintf.o)
                0x0000000008003ac4                _svfiprintf_r
                0x0000000008003ac4                _svfprintf_r
 .text._printf_common
                0x0000000008003cc0       0xda E:/STM32CubeIDE_1.13.2/STM32CubeIDE/plugins/com.st.stm32cube.ide.mcu.externaltools.gnu-tools-for-stm32.11.3.rel1.win32_1.1.1.202309131626/tools/bin/../lib/gcc/arm-none-eabi/11.3.1/../../../../arm-none-eabi/lib/thumb/v7e-m+fp/hard\libc_nano.a(libc_a-nano-vfprintf_i.o)
                0x0000000008003cc0                _printf_common
 *fill*         0x0000000008003d9a        0x2 
 .text._printf_i
                0x0000000008003d9c      0x244 E:/STM32CubeIDE_1.13.2/STM32CubeIDE/plugins/com.st.stm32cube.ide.mcu.externaltools.gnu-tools-for-stm32.11.3.rel1.win32_1.1.1.202309131626/tools/bin/../lib/gcc/arm-none-eabi/11.3.1/../../../../arm-none-eabi/lib/thumb/v7e-m+fp/hard\libc_nano.a(libc_a-nano-vfprintf_i.o)
                0x0000000008003d9c                _printf_i
 .text.memmove  0x0000000008003fe0       0x34 E:/STM32CubeIDE_1.13.2/STM32CubeIDE/plugins/com.st.stm32cube.ide.mcu.externaltools.gnu-tools-for-stm32.11.3.rel1.win32_1.1.1.202309131626/tools/bin/../lib/gcc/arm-none-eabi/11.3.1/../../../../arm-none-eabi/lib/thumb/v7e-m+fp/hard\libc_nano.a(libc_a-memmove.o)
                0x0000000008003fe0                memmove
 .text._realloc_r
                0x0000000008004014       0x5e E:/STM32CubeIDE_1.13.2/STM32CubeIDE/plugins/com.st.stm32cube.ide.mcu.externaltools.gnu-tools-for-stm32.11.3.rel1.win32_1.1.1.202309131626/tools/bin/../lib/gcc/arm-none-eabi/11.3.1/../../../../arm-none-eabi/lib/thumb/v7e-m+fp/hard\libc_nano.a(libc_a-reallocr.o)
                0x0000000008004014                _realloc_r
 .text._malloc_usable_size_r
                0x0000000008004072       0x10 E:/STM32CubeIDE_1.13.2/STM32CubeIDE/plugins/com.st.stm32cube.ide.mcu.externaltools.gnu-tools-for-stm32.11.3.rel1.win32_1.1.1.202309131626/tools/bin/../lib/gcc/arm-none-eabi/11.3.1/../../../../arm-none-eabi/lib/thumb/v7e-m+fp/hard\libc_nano.a(libc_a-msizer.o)
                0x0000000008004072                _malloc_usable_size_r
 *(.glue_7)
 .glue_7        0x0000000008004082        0x0 linker stubs
 *(.glue_7t)
 .glue_7t       0x0000000008004082        0x0 linker stubs
 *(.eh_frame)
 *fill*         0x0000000008004082        0x2 
 .eh_frame      0x0000000008004084        0x0 E:/STM32CubeIDE_1.13.2/STM32CubeIDE/plugins/com.st.stm32cube.ide.mcu.externaltools.gnu-tools-for-stm32.11.3.rel1.win32_1.1.1.202309131626/tools/bin/../lib/gcc/arm-none-eabi/11.3.1/thumb/v7e-m+fp/hard/crtbegin.o
 *(.init)
 .init          0x0000000008004084        0x4 E:/STM32CubeIDE_1.13.2/STM32CubeIDE/plugins/com.st.stm32cube.ide.mcu.externaltools.gnu-tools-for-stm32.11.3.rel1.win32_1.1.1.202309131626/tools/bin/../lib/gcc/arm-none-eabi/11.3.1/thumb/v7e-m+fp/hard/crti.o
                0x0000000008004084                _init
 .init          0x0000000008004088        0x8 E:/STM32CubeIDE_1.13.2/STM32CubeIDE/plugins/com.st.stm32cube.ide.mcu.externaltools.gnu-tools-for-stm32.11.3.rel1.win32_1.1.1.202309131626/tools/bin/../lib/gcc/arm-none-eabi/11.3.1/thumb/v7e-m+fp/hard/crtn.o
 *(.fini)
 .fini          0x0000000008004090        0x4 E:/STM32CubeIDE_1.13.2/STM32CubeIDE/plugins/com.st.stm32cube.ide.mcu.externaltools.gnu-tools-for-stm32.11.3.rel1.win32_1.1.1.202309131626/tools/bin/../lib/gcc/arm-none-eabi/11.3.1/thumb/v7e-m+fp/hard/crti.o
                0x0000000008004090                _fini
 .fini          0x0000000008004094        0x8 E:/STM32CubeIDE_1.13.2/STM32CubeIDE/plugins/com.st.stm32cube.ide.mcu.externaltools.gnu-tools-for-stm32.11.3.rel1.win32_1.1.1.202309131626/tools/bin/../lib/gcc/arm-none-eabi/11.3.1/thumb/v7e-m+fp/hard/crtn.o
                0x000000000800409c                . = ALIGN (0x4)
                0x000000000800409c                _etext = .

.vfp11_veneer   0x000000000800409c        0x0
 .vfp11_veneer  0x000000000800409c        0x0 linker stubs

.v4_bx          0x000000000800409c        0x0
 .v4_bx         0x000000000800409c        0x0 linker stubs

.iplt           0x000000000800409c        0x0
 .iplt          0x000000000800409c        0x0 E:/STM32CubeIDE_1.13.2/STM32CubeIDE/plugins/com.st.stm32cube.ide.mcu.externaltools.gnu-tools-for-stm32.11.3.rel1.win32_1.1.1.202309131626/tools/bin/../lib/gcc/arm-none-eabi/11.3.1/thumb/v7e-m+fp/hard/crtbegin.o

.rodata         0x000000000800409c       0x98
                0x000000000800409c                . = ALIGN (0x4)
 *(.rodata)
 .rodata        0x000000000800409c        0xd ./Core/Src/ble.o
 *fill*         0x00000000080040a9        0x3 
 .rodata        0x00000000080040ac       0x13 ./Core/Src/main.o
 *(.rodata*)
 *fill*         0x00000000080040bf        0x1 
 .rodata.AHBPrescTable
                0x00000000080040c0       0x10 ./Core/Src/system_stm32l4xx.o
                0x00000000080040c0                AHBPrescTable
 .rodata.MSIRangeTable
                0x00000000080040d0       0x30 ./Core/Src/system_stm32l4xx.o
                0x00000000080040d0                MSIRangeTable
 .rodata._svfprintf_r.str1.1
                0x0000000008004100       0x11 E:/STM32CubeIDE_1.13.2/STM32CubeIDE/plugins/com.st.stm32cube.ide.mcu.externaltools.gnu-tools-for-stm32.11.3.rel1.win32_1.1.1.202309131626/tools/bin/../lib/gcc/arm-none-eabi/11.3.1/../../../../arm-none-eabi/lib/thumb/v7e-m+fp/hard\libc_nano.a(libc_a-nano-svfprintf.o)
 .rodata._printf_i.str1.1
                0x0000000008004111       0x22 E:/STM32CubeIDE_1.13.2/STM32CubeIDE/plugins/com.st.stm32cube.ide.mcu.externaltools.gnu-tools-for-stm32.11.3.rel1.win32_1.1.1.202309131626/tools/bin/../lib/gcc/arm-none-eabi/11.3.1/../../../../arm-none-eabi/lib/thumb/v7e-m+fp/hard\libc_nano.a(libc_a-nano-vfprintf_i.o)
                0x0000000008004134                . = ALIGN (0x4)
 *fill*         0x0000000008004133        0x1 

.rel.dyn        0x0000000008004134        0x0
 .rel.iplt      0x0000000008004134        0x0 E:/STM32CubeIDE_1.13.2/STM32CubeIDE/plugins/com.st.stm32cube.ide.mcu.externaltools.gnu-tools-for-stm32.11.3.rel1.win32_1.1.1.202309131626/tools/bin/../lib/gcc/arm-none-eabi/11.3.1/thumb/v7e-m+fp/hard/crtbegin.o

.ARM.extab      0x0000000008004134        0x0
                0x0000000008004134                . = ALIGN (0x4)
 *(.ARM.extab* .gnu.linkonce.armextab.*)
                0x0000000008004134                . = ALIGN (0x4)

.ARM            0x0000000008004134        0x0
                0x0000000008004134                . = ALIGN (0x4)
                0x0000000008004134                __exidx_start = .
 *(.ARM.exidx*)
                0x0000000008004134                __exidx_end = .
                0x0000000008004134                . = ALIGN (0x4)

.preinit_array  0x0000000008004134        0x0
                0x0000000008004134                . = ALIGN (0x4)
                0x0000000008004134                PROVIDE (__preinit_array_start = .)
 *(.preinit_array*)
                0x0000000008004134                PROVIDE (__preinit_array_end = .)
                0x0000000008004134                . = ALIGN (0x4)

.init_array     0x0000000008004134        0x4
                0x0000000008004134                . = ALIGN (0x4)
                0x0000000008004134                PROVIDE (__init_array_start = .)
 *(SORT_BY_NAME(.init_array.*))
 *(.init_array*)
 .init_array    0x0000000008004134        0x4 E:/STM32CubeIDE_1.13.2/STM32CubeIDE/plugins/com.st.stm32cube.ide.mcu.externaltools.gnu-tools-for-stm32.11.3.rel1.win32_1.1.1.202309131626/tools/bin/../lib/gcc/arm-none-eabi/11.3.1/thumb/v7e-m+fp/hard/crtbegin.o
                0x0000000008004138                PROVIDE (__init_array_end = .)
                0x0000000008004138                . = ALIGN (0x4)

.fini_array     0x0000000008004138        0x4
                0x0000000008004138                . = ALIGN (0x4)
                [!provide]                        PROVIDE (__fini_array_start = .)
 *(SORT_BY_NAME(.fini_array.*))
 *(.fini_array*)
 .fini_array    0x0000000008004138        0x4 E:/STM32CubeIDE_1.13.2/STM32CubeIDE/plugins/com.st.stm32cube.ide.mcu.externaltools.gnu-tools-for-stm32.11.3.rel1.win32_1.1.1.202309131626/tools/bin/../lib/gcc/arm-none-eabi/11.3.1/thumb/v7e-m+fp/hard/crtbegin.o
                [!provide]                        PROVIDE (__fini_array_end = .)
                0x000000000800413c                . = ALIGN (0x4)
                0x000000000800413c                _sidata = LOADADDR (.data)

.data           0x0000000020000000      0x19c load address 0x000000000800413c
                0x0000000020000000                . = ALIGN (0x4)
                0x0000000020000000                _sdata = .
 *(.data)
 *(.data*)
 .data.EVENT_STATUP_DATA
                0x0000000020000000        0x6 ./Core/Src/ble.o
                0x0000000020000000                EVENT_STATUP_DATA
 *fill*         0x0000000020000006        0x2 
 .data.ACI_GATT_INIT
                0x0000000020000008        0x4 ./Core/Src/ble.o
                0x0000000020000008                ACI_GATT_INIT
 .data.ACI_GATT_INIT_COMPLETE
                0x000000002000000c        0x7 ./Core/Src/ble.o
                0x000000002000000c                ACI_GATT_INIT_COMPLETE
 *fill*         0x0000000020000013        0x1 
 .data.ACI_GAP_INIT
                0x0000000020000014        0x7 ./Core/Src/ble.o
                0x0000000020000014                ACI_GAP_INIT
 *fill*         0x000000002000001b        0x1 
 .data.ACI_GAP_INIT_COMPLETE
                0x000000002000001c        0x7 ./Core/Src/ble.o
                0x000000002000001c                ACI_GAP_INIT_COMPLETE
 *fill*         0x0000000020000023        0x1 
 .data.ACI_GAP_SET_AUTH
                0x0000000020000024       0x10 ./Core/Src/ble.o
                0x0000000020000024                ACI_GAP_SET_AUTH
 .data.ACI_GAP_SET_AUTH_RESP
                0x0000000020000034        0x7 ./Core/Src/ble.o
                0x0000000020000034                ACI_GAP_SET_AUTH_RESP
 *fill*         0x000000002000003b        0x1 
 .data.ACI_HAL_SET_TX_POWER_LEVEL
                0x000000002000003c        0x6 ./Core/Src/ble.o
                0x000000002000003c                ACI_HAL_SET_TX_POWER_LEVEL
 *fill*         0x0000000020000042        0x2 
 .data.ACI_HAL_SET_TX_POWER_LEVEL_COMPLETE
                0x0000000020000044        0x7 ./Core/Src/ble.o
                0x0000000020000044                ACI_HAL_SET_TX_POWER_LEVEL_COMPLETE
 *fill*         0x000000002000004b        0x1 
 .data.ACI_HAL_SET_STANDBY
                0x000000002000004c        0x4 ./Core/Src/ble.o
                0x000000002000004c                ACI_HAL_SET_STANDBY
 .data.ACI_HAL_SET_STANDBY_COMPLETE
                0x0000000020000050        0x7 ./Core/Src/ble.o
                0x0000000020000050                ACI_HAL_SET_STANDBY_COMPLETE
 *fill*         0x0000000020000057        0x1 
 .data.HCI_LE_SET_SCAN_RESPONSE_DATA
                0x0000000020000058       0x24 ./Core/Src/ble.o
                0x0000000020000058                HCI_LE_SET_SCAN_RESPONSE_DATA
 .data.HCI_LE_SET_SCAN_RESPONSE_DATA_COMPLETE
                0x000000002000007c        0x7 ./Core/Src/ble.o
                0x000000002000007c                HCI_LE_SET_SCAN_RESPONSE_DATA_COMPLETE
 *fill*         0x0000000020000083        0x1 
 .data.ACI_GAP_SET_DISCOVERABLE
                0x0000000020000084        0xd ./Core/Src/ble.o
                0x0000000020000084                ACI_GAP_SET_DISCOVERABLE
 *fill*         0x0000000020000091        0x3 
 .data.ACI_GAP_SET_DISCOVERABLE_COMPLETE
                0x0000000020000094        0x7 ./Core/Src/ble.o
                0x0000000020000094                ACI_GAP_SET_DISCOVERABLE_COMPLETE
 *fill*         0x000000002000009b        0x1 
 .data.ADD_PRIMARY_SERVICE
                0x000000002000009c       0x17 ./Core/Src/ble.o
                0x000000002000009c                ADD_PRIMARY_SERVICE
 *fill*         0x00000000200000b3        0x1 
 .data.ADD_PRIMARY_SERVICE_COMPLETE
                0x00000000200000b4        0x7 ./Core/Src/ble.o
                0x00000000200000b4                ADD_PRIMARY_SERVICE_COMPLETE
 *fill*         0x00000000200000bb        0x1 
 .data.ADD_CUSTOM_CHAR
                0x00000000200000bc       0x1e ./Core/Src/ble.o
                0x00000000200000bc                ADD_CUSTOM_CHAR
 *fill*         0x00000000200000da        0x2 
 .data.ADD_CUSTOM_CHAR_COMPLETE
                0x00000000200000dc        0x7 ./Core/Src/ble.o
                0x00000000200000dc                ADD_CUSTOM_CHAR_COMPLETE
 *fill*         0x00000000200000e3        0x1 
 .data.UPDATE_CHAR
                0x00000000200000e4        0xf ./Core/Src/ble.o
                0x00000000200000e4                UPDATE_CHAR
 *fill*         0x00000000200000f3        0x1 
 .data.EVENT_DISCONNECTED
                0x00000000200000f4        0x4 ./Core/Src/ble.o
                0x00000000200000f4                EVENT_DISCONNECTED
 .data.deviceName
                0x00000000200000f8        0x9 ./Core/Src/ble.o
                0x00000000200000f8                deviceName
 *fill*         0x0000000020000101        0x3 
 .data.UUID_NORDIC_UART_SERVICE
                0x0000000020000104       0x10 ./Core/Src/ble.o
                0x0000000020000104                UUID_NORDIC_UART_SERVICE
 .data.UUID_CHAR_WRITE
                0x0000000020000114       0x10 ./Core/Src/ble.o
                0x0000000020000114                UUID_CHAR_WRITE
 .data.UUID_CHAR_READ
                0x0000000020000124       0x10 ./Core/Src/ble.o
                0x0000000020000124                UUID_CHAR_READ
 .data.ptr1     0x0000000020000134        0x4 ./Core/Src/main.o
                0x0000000020000134                ptr1
 .data.ptr2     0x0000000020000138        0x4 ./Core/Src/main.o
                0x0000000020000138                ptr2
 .data.standby  0x000000002000013c        0x1 ./Core/Src/main.o
                0x000000002000013c                standby
 *fill*         0x000000002000013d        0x3 
 .data.SystemCoreClock
                0x0000000020000140        0x4 ./Core/Src/system_stm32l4xx.o
                0x0000000020000140                SystemCoreClock
 .data.uwTickPrio
                0x0000000020000144        0x4 ./Drivers/STM32L4xx_HAL_Driver/Src/stm32l4xx_hal.o
                0x0000000020000144                uwTickPrio
 .data.uwTickFreq
                0x0000000020000148        0x1 ./Drivers/STM32L4xx_HAL_Driver/Src/stm32l4xx_hal.o
                0x0000000020000148                uwTickFreq
 *fill*         0x0000000020000149        0x3 
 .data._impure_data
                0x000000002000014c       0x4c E:/STM32CubeIDE_1.13.2/STM32CubeIDE/plugins/com.st.stm32cube.ide.mcu.externaltools.gnu-tools-for-stm32.11.3.rel1.win32_1.1.1.202309131626/tools/bin/../lib/gcc/arm-none-eabi/11.3.1/../../../../arm-none-eabi/lib/thumb/v7e-m+fp/hard\libc_nano.a(libc_a-impure.o)
                0x000000002000014c                _impure_data
 .data._impure_ptr
                0x0000000020000198        0x4 E:/STM32CubeIDE_1.13.2/STM32CubeIDE/plugins/com.st.stm32cube.ide.mcu.externaltools.gnu-tools-for-stm32.11.3.rel1.win32_1.1.1.202309131626/tools/bin/../lib/gcc/arm-none-eabi/11.3.1/../../../../arm-none-eabi/lib/thumb/v7e-m+fp/hard\libc_nano.a(libc_a-impure.o)
                0x0000000020000198                _impure_ptr
 *(.RamFunc)
 *(.RamFunc*)
                0x000000002000019c                . = ALIGN (0x4)
                0x000000002000019c                _edata = .

.igot.plt       0x000000002000019c        0x0 load address 0x00000000080042d8
 .igot.plt      0x000000002000019c        0x0 E:/STM32CubeIDE_1.13.2/STM32CubeIDE/plugins/com.st.stm32cube.ide.mcu.externaltools.gnu-tools-for-stm32.11.3.rel1.win32_1.1.1.202309131626/tools/bin/../lib/gcc/arm-none-eabi/11.3.1/thumb/v7e-m+fp/hard/crtbegin.o
                0x000000002000019c                . = ALIGN (0x4)

.bss            0x00000000200001a0      0x344 load address 0x00000000080042d8
                0x00000000200001a0                _sbss = .
                0x00000000200001a0                __bss_start__ = _sbss
 *(.bss)
 .bss           0x00000000200001a0       0x1c E:/STM32CubeIDE_1.13.2/STM32CubeIDE/plugins/com.st.stm32cube.ide.mcu.externaltools.gnu-tools-for-stm32.11.3.rel1.win32_1.1.1.202309131626/tools/bin/../lib/gcc/arm-none-eabi/11.3.1/thumb/v7e-m+fp/hard/crtbegin.o
 *(.bss*)
 .bss.GAP_SERVICE_HANDLE
                0x00000000200001bc        0x2 ./Core/Src/ble.o
                0x00000000200001bc                GAP_SERVICE_HANDLE
 *fill*         0x00000000200001be        0x2 
 .bss.GAP_CHAR_NAME_HANDLE
                0x00000000200001c0        0x2 ./Core/Src/ble.o
                0x00000000200001c0                GAP_CHAR_NAME_HANDLE
 *fill*         0x00000000200001c2        0x2 
 .bss.GAP_CHAR_APP_HANDLE
                0x00000000200001c4        0x2 ./Core/Src/ble.o
                0x00000000200001c4                GAP_CHAR_APP_HANDLE
 *fill*         0x00000000200001c6        0x2 
 .bss.buffer    0x00000000200001c8       0xff ./Core/Src/ble.o
                0x00000000200001c8                buffer
 *fill*         0x00000000200002c7        0x1 
 .bss.NORDIC_UART_SERVICE_HANDLE
                0x00000000200002c8        0x2 ./Core/Src/ble.o
                0x00000000200002c8                NORDIC_UART_SERVICE_HANDLE
 *fill*         0x00000000200002ca        0x2 
 .bss.WRITE_CHAR_HANDLE
                0x00000000200002cc        0x2 ./Core/Src/ble.o
                0x00000000200002cc                WRITE_CHAR_HANDLE
 *fill*         0x00000000200002ce        0x2 
 .bss.READ_CHAR_HANDLE
                0x00000000200002d0        0x2 ./Core/Src/ble.o
                0x00000000200002d0                READ_CHAR_HANDLE
 .bss.stackInitCompleteFlag
                0x00000000200002d2        0x2 ./Core/Src/ble.o
                0x00000000200002d2                stackInitCompleteFlag
 .bss.rxEvent   0x00000000200002d4        0x4 ./Core/Src/ble.o
                0x00000000200002d4                rxEvent
 .bss.dataAvailable
                0x00000000200002d8        0x4 ./Core/Src/main.o
                0x00000000200002d8                dataAvailable
 .bss.one_min_passed
                0x00000000200002dc        0x4 ./Core/Src/main.o
                0x00000000200002dc                one_min_passed
 .bss.interval_count
                0x00000000200002e0        0x8 ./Core/Src/main.o
                0x00000000200002e0                interval_count
 .bss.loss_time_passed
                0x00000000200002e8        0x4 ./Core/Src/main.o
                0x00000000200002e8                loss_time_passed
 .bss.message   0x00000000200002ec       0x3c ./Core/Src/main.o
                0x00000000200002ec                message
 .bss.flag_print
                0x0000000020000328        0x4 ./Core/Src/main.o
                0x0000000020000328                flag_print
 .bss.flag_ble_init
                0x000000002000032c        0x4 ./Core/Src/main.o
                0x000000002000032c                flag_ble_init
 .bss.hspi3     0x0000000020000330       0x64 ./Core/Src/main.o
                0x0000000020000330                hspi3
 .bss.heap_end.0
                0x0000000020000394        0x4 ./Core/Src/syscalls.o
 .bss.uwTick    0x0000000020000398        0x4 ./Drivers/STM32L4xx_HAL_Driver/Src/stm32l4xx_hal.o
                0x0000000020000398                uwTick
 .bss.__malloc_free_list
                0x000000002000039c        0x4 E:/STM32CubeIDE_1.13.2/STM32CubeIDE/plugins/com.st.stm32cube.ide.mcu.externaltools.gnu-tools-for-stm32.11.3.rel1.win32_1.1.1.202309131626/tools/bin/../lib/gcc/arm-none-eabi/11.3.1/../../../../arm-none-eabi/lib/thumb/v7e-m+fp/hard\libc_nano.a(libc_a-mallocr.o)
                0x000000002000039c                __malloc_free_list
 .bss.__malloc_sbrk_start
                0x00000000200003a0        0x4 E:/STM32CubeIDE_1.13.2/STM32CubeIDE/plugins/com.st.stm32cube.ide.mcu.externaltools.gnu-tools-for-stm32.11.3.rel1.win32_1.1.1.202309131626/tools/bin/../lib/gcc/arm-none-eabi/11.3.1/../../../../arm-none-eabi/lib/thumb/v7e-m+fp/hard\libc_nano.a(libc_a-mallocr.o)
                0x00000000200003a0                __malloc_sbrk_start
 .bss.__sf      0x00000000200003a4      0x138 E:/STM32CubeIDE_1.13.2/STM32CubeIDE/plugins/com.st.stm32cube.ide.mcu.externaltools.gnu-tools-for-stm32.11.3.rel1.win32_1.1.1.202309131626/tools/bin/../lib/gcc/arm-none-eabi/11.3.1/../../../../arm-none-eabi/lib/thumb/v7e-m+fp/hard\libc_nano.a(libc_a-findfp.o)
                0x00000000200003a4                __sf
 .bss.errno     0x00000000200004dc        0x4 E:/STM32CubeIDE_1.13.2/STM32CubeIDE/plugins/com.st.stm32cube.ide.mcu.externaltools.gnu-tools-for-stm32.11.3.rel1.win32_1.1.1.202309131626/tools/bin/../lib/gcc/arm-none-eabi/11.3.1/../../../../arm-none-eabi/lib/thumb/v7e-m+fp/hard\libc_nano.a(libc_a-reent.o)
                0x00000000200004dc                errno
 .bss.__lock___malloc_recursive_mutex
                0x00000000200004e0        0x1 E:/STM32CubeIDE_1.13.2/STM32CubeIDE/plugins/com.st.stm32cube.ide.mcu.externaltools.gnu-tools-for-stm32.11.3.rel1.win32_1.1.1.202309131626/tools/bin/../lib/gcc/arm-none-eabi/11.3.1/../../../../arm-none-eabi/lib/thumb/v7e-m+fp/hard\libc_nano.a(libc_a-lock.o)
                0x00000000200004e0                __lock___malloc_recursive_mutex
 *(COMMON)
                0x00000000200004e4                . = ALIGN (0x4)
 *fill*         0x00000000200004e1        0x3 
                0x00000000200004e4                _ebss = .
                0x00000000200004e4                __bss_end__ = _ebss

._user_heap_stack
                0x00000000200004e4      0x604 load address 0x00000000080042d8
                0x00000000200004e8                . = ALIGN (0x8)
 *fill*         0x00000000200004e4        0x4 
                0x00000000200004e8                PROVIDE (end = .)
                [!provide]                        PROVIDE (_end = .)
                0x00000000200006e8                . = (. + _Min_Heap_Size)
 *fill*         0x00000000200004e8      0x200 
                0x0000000020000ae8                . = (. + _Min_Stack_Size)
 *fill*         0x00000000200006e8      0x400 
                0x0000000020000ae8                . = ALIGN (0x8)

/DISCARD/
 libc.a(*)
 libm.a(*)
 libgcc.a(*)

.ARM.attributes
                0x0000000000000000       0x30
 *(.ARM.attributes)
 .ARM.attributes
                0x0000000000000000       0x1e E:/STM32CubeIDE_1.13.2/STM32CubeIDE/plugins/com.st.stm32cube.ide.mcu.externaltools.gnu-tools-for-stm32.11.3.rel1.win32_1.1.1.202309131626/tools/bin/../lib/gcc/arm-none-eabi/11.3.1/thumb/v7e-m+fp/hard/crti.o
 .ARM.attributes
                0x000000000000001e       0x34 E:/STM32CubeIDE_1.13.2/STM32CubeIDE/plugins/com.st.stm32cube.ide.mcu.externaltools.gnu-tools-for-stm32.11.3.rel1.win32_1.1.1.202309131626/tools/bin/../lib/gcc/arm-none-eabi/11.3.1/thumb/v7e-m+fp/hard/crtbegin.o
 .ARM.attributes
                0x0000000000000052       0x34 ./Core/Src/ble.o
 .ARM.attributes
                0x0000000000000086       0x34 ./Core/Src/i2c.o
 .ARM.attributes
                0x00000000000000ba       0x34 ./Core/Src/leds.o
 .ARM.attributes
                0x00000000000000ee       0x34 ./Core/Src/lsm6dsl.o
 .ARM.attributes
                0x0000000000000122       0x34 ./Core/Src/main.o
 .ARM.attributes
                0x0000000000000156       0x34 ./Core/Src/stm32l4xx_hal_msp.o
 .ARM.attributes
                0x000000000000018a       0x34 ./Core/Src/stm32l4xx_it.o
 .ARM.attributes
                0x00000000000001be       0x34 ./Core/Src/syscalls.o
 .ARM.attributes
                0x00000000000001f2       0x34 ./Core/Src/system_stm32l4xx.o
 .ARM.attributes
                0x0000000000000226       0x34 ./Core/Src/timer.o
 .ARM.attributes
                0x000000000000025a       0x21 ./Core/Startup/startup_stm32l475vgtx.o
 .ARM.attributes
                0x000000000000027b       0x34 ./Drivers/STM32L4xx_HAL_Driver/Src/stm32l4xx_hal.o
 .ARM.attributes
                0x00000000000002af       0x34 ./Drivers/STM32L4xx_HAL_Driver/Src/stm32l4xx_hal_cortex.o
 .ARM.attributes
                0x00000000000002e3       0x34 ./Drivers/STM32L4xx_HAL_Driver/Src/stm32l4xx_hal_gpio.o
 .ARM.attributes
                0x0000000000000317       0x34 ./Drivers/STM32L4xx_HAL_Driver/Src/stm32l4xx_hal_pwr_ex.o
 .ARM.attributes
                0x000000000000034b       0x34 ./Drivers/STM32L4xx_HAL_Driver/Src/stm32l4xx_hal_rcc.o
 .ARM.attributes
                0x000000000000037f       0x34 ./Drivers/STM32L4xx_HAL_Driver/Src/stm32l4xx_hal_spi.o
 .ARM.attributes
                0x00000000000003b3       0x34 E:/STM32CubeIDE_1.13.2/STM32CubeIDE/plugins/com.st.stm32cube.ide.mcu.externaltools.gnu-tools-for-stm32.11.3.rel1.win32_1.1.1.202309131626/tools/bin/../lib/gcc/arm-none-eabi/11.3.1/../../../../arm-none-eabi/lib/thumb/v7e-m+fp/hard\libc_nano.a(libc_a-malloc.o)
 .ARM.attributes
                0x00000000000003e7       0x34 E:/STM32CubeIDE_1.13.2/STM32CubeIDE/plugins/com.st.stm32cube.ide.mcu.externaltools.gnu-tools-for-stm32.11.3.rel1.win32_1.1.1.202309131626/tools/bin/../lib/gcc/arm-none-eabi/11.3.1/../../../../arm-none-eabi/lib/thumb/v7e-m+fp/hard\libc_nano.a(libc_a-mallocr.o)
 .ARM.attributes
                0x000000000000041b       0x34 E:/STM32CubeIDE_1.13.2/STM32CubeIDE/plugins/com.st.stm32cube.ide.mcu.externaltools.gnu-tools-for-stm32.11.3.rel1.win32_1.1.1.202309131626/tools/bin/../lib/gcc/arm-none-eabi/11.3.1/../../../../arm-none-eabi/lib/thumb/v7e-m+fp/hard\libc_nano.a(libc_a-mlock.o)
 .ARM.attributes
                0x000000000000044f       0x34 E:/STM32CubeIDE_1.13.2/STM32CubeIDE/plugins/com.st.stm32cube.ide.mcu.externaltools.gnu-tools-for-stm32.11.3.rel1.win32_1.1.1.202309131626/tools/bin/../lib/gcc/arm-none-eabi/11.3.1/../../../../arm-none-eabi/lib/thumb/v7e-m+fp/hard\libc_nano.a(libc_a-findfp.o)
 .ARM.attributes
                0x0000000000000483       0x34 E:/STM32CubeIDE_1.13.2/STM32CubeIDE/plugins/com.st.stm32cube.ide.mcu.externaltools.gnu-tools-for-stm32.11.3.rel1.win32_1.1.1.202309131626/tools/bin/../lib/gcc/arm-none-eabi/11.3.1/../../../../arm-none-eabi/lib/thumb/v7e-m+fp/hard\libc_nano.a(libc_a-snprintf.o)
 .ARM.attributes
                0x00000000000004b7       0x34 E:/STM32CubeIDE_1.13.2/STM32CubeIDE/plugins/com.st.stm32cube.ide.mcu.externaltools.gnu-tools-for-stm32.11.3.rel1.win32_1.1.1.202309131626/tools/bin/../lib/gcc/arm-none-eabi/11.3.1/../../../../arm-none-eabi/lib/thumb/v7e-m+fp/hard\libc_nano.a(libc_a-memset.o)
 .ARM.attributes
                0x00000000000004eb       0x34 E:/STM32CubeIDE_1.13.2/STM32CubeIDE/plugins/com.st.stm32cube.ide.mcu.externaltools.gnu-tools-for-stm32.11.3.rel1.win32_1.1.1.202309131626/tools/bin/../lib/gcc/arm-none-eabi/11.3.1/../../../../arm-none-eabi/lib/thumb/v7e-m+fp/hard\libc_nano.a(libc_a-reent.o)
 .ARM.attributes
                0x000000000000051f       0x34 E:/STM32CubeIDE_1.13.2/STM32CubeIDE/plugins/com.st.stm32cube.ide.mcu.externaltools.gnu-tools-for-stm32.11.3.rel1.win32_1.1.1.202309131626/tools/bin/../lib/gcc/arm-none-eabi/11.3.1/../../../../arm-none-eabi/lib/thumb/v7e-m+fp/hard\libc_nano.a(libc_a-impure.o)
 .ARM.attributes
                0x0000000000000553       0x34 E:/STM32CubeIDE_1.13.2/STM32CubeIDE/plugins/com.st.stm32cube.ide.mcu.externaltools.gnu-tools-for-stm32.11.3.rel1.win32_1.1.1.202309131626/tools/bin/../lib/gcc/arm-none-eabi/11.3.1/../../../../arm-none-eabi/lib/thumb/v7e-m+fp/hard\libc_nano.a(libc_a-sbrkr.o)
 .ARM.attributes
                0x0000000000000587       0x34 E:/STM32CubeIDE_1.13.2/STM32CubeIDE/plugins/com.st.stm32cube.ide.mcu.externaltools.gnu-tools-for-stm32.11.3.rel1.win32_1.1.1.202309131626/tools/bin/../lib/gcc/arm-none-eabi/11.3.1/../../../../arm-none-eabi/lib/thumb/v7e-m+fp/hard\libc_nano.a(libc_a-errno.o)
 .ARM.attributes
                0x00000000000005bb       0x34 E:/STM32CubeIDE_1.13.2/STM32CubeIDE/plugins/com.st.stm32cube.ide.mcu.externaltools.gnu-tools-for-stm32.11.3.rel1.win32_1.1.1.202309131626/tools/bin/../lib/gcc/arm-none-eabi/11.3.1/../../../../arm-none-eabi/lib/thumb/v7e-m+fp/hard\libc_nano.a(libc_a-init.o)
 .ARM.attributes
                0x00000000000005ef       0x34 E:/STM32CubeIDE_1.13.2/STM32CubeIDE/plugins/com.st.stm32cube.ide.mcu.externaltools.gnu-tools-for-stm32.11.3.rel1.win32_1.1.1.202309131626/tools/bin/../lib/gcc/arm-none-eabi/11.3.1/../../../../arm-none-eabi/lib/thumb/v7e-m+fp/hard\libc_nano.a(libc_a-lock.o)
 .ARM.attributes
                0x0000000000000623       0x34 E:/STM32CubeIDE_1.13.2/STM32CubeIDE/plugins/com.st.stm32cube.ide.mcu.externaltools.gnu-tools-for-stm32.11.3.rel1.win32_1.1.1.202309131626/tools/bin/../lib/gcc/arm-none-eabi/11.3.1/../../../../arm-none-eabi/lib/thumb/v7e-m+fp/hard\libc_nano.a(libc_a-memcpy-stub.o)
 .ARM.attributes
                0x0000000000000657       0x17 E:/STM32CubeIDE_1.13.2/STM32CubeIDE/plugins/com.st.stm32cube.ide.mcu.externaltools.gnu-tools-for-stm32.11.3.rel1.win32_1.1.1.202309131626/tools/bin/../lib/gcc/arm-none-eabi/11.3.1/../../../../arm-none-eabi/lib/thumb/v7e-m+fp/hard\libc_nano.a(libc_a-strlen.o)
 .ARM.attributes
                0x000000000000066e       0x34 E:/STM32CubeIDE_1.13.2/STM32CubeIDE/plugins/com.st.stm32cube.ide.mcu.externaltools.gnu-tools-for-stm32.11.3.rel1.win32_1.1.1.202309131626/tools/bin/../lib/gcc/arm-none-eabi/11.3.1/../../../../arm-none-eabi/lib/thumb/v7e-m+fp/hard\libc_nano.a(libc_a-freer.o)
 .ARM.attributes
                0x00000000000006a2       0x34 E:/STM32CubeIDE_1.13.2/STM32CubeIDE/plugins/com.st.stm32cube.ide.mcu.externaltools.gnu-tools-for-stm32.11.3.rel1.win32_1.1.1.202309131626/tools/bin/../lib/gcc/arm-none-eabi/11.3.1/../../../../arm-none-eabi/lib/thumb/v7e-m+fp/hard\libc_nano.a(libc_a-nano-svfprintf.o)
 .ARM.attributes
                0x00000000000006d6       0x34 E:/STM32CubeIDE_1.13.2/STM32CubeIDE/plugins/com.st.stm32cube.ide.mcu.externaltools.gnu-tools-for-stm32.11.3.rel1.win32_1.1.1.202309131626/tools/bin/../lib/gcc/arm-none-eabi/11.3.1/../../../../arm-none-eabi/lib/thumb/v7e-m+fp/hard\libc_nano.a(libc_a-nano-vfprintf_i.o)
 .ARM.attributes
                0x000000000000070a       0x34 E:/STM32CubeIDE_1.13.2/STM32CubeIDE/plugins/com.st.stm32cube.ide.mcu.externaltools.gnu-tools-for-stm32.11.3.rel1.win32_1.1.1.202309131626/tools/bin/../lib/gcc/arm-none-eabi/11.3.1/../../../../arm-none-eabi/lib/thumb/v7e-m+fp/hard\libc_nano.a(libc_a-memmove.o)
 .ARM.attributes
                0x000000000000073e       0x1c E:/STM32CubeIDE_1.13.2/STM32CubeIDE/plugins/com.st.stm32cube.ide.mcu.externaltools.gnu-tools-for-stm32.11.3.rel1.win32_1.1.1.202309131626/tools/bin/../lib/gcc/arm-none-eabi/11.3.1/../../../../arm-none-eabi/lib/thumb/v7e-m+fp/hard\libc_nano.a(libc_a-memchr.o)
 .ARM.attributes
                0x000000000000075a       0x34 E:/STM32CubeIDE_1.13.2/STM32CubeIDE/plugins/com.st.stm32cube.ide.mcu.externaltools.gnu-tools-for-stm32.11.3.rel1.win32_1.1.1.202309131626/tools/bin/../lib/gcc/arm-none-eabi/11.3.1/../../../../arm-none-eabi/lib/thumb/v7e-m+fp/hard\libc_nano.a(libc_a-reallocr.o)
 .ARM.attributes
                0x000000000000078e       0x34 E:/STM32CubeIDE_1.13.2/STM32CubeIDE/plugins/com.st.stm32cube.ide.mcu.externaltools.gnu-tools-for-stm32.11.3.rel1.win32_1.1.1.202309131626/tools/bin/../lib/gcc/arm-none-eabi/11.3.1/../../../../arm-none-eabi/lib/thumb/v7e-m+fp/hard\libc_nano.a(libc_a-msizer.o)
 .ARM.attributes
                0x00000000000007c2       0x1e E:/STM32CubeIDE_1.13.2/STM32CubeIDE/plugins/com.st.stm32cube.ide.mcu.externaltools.gnu-tools-for-stm32.11.3.rel1.win32_1.1.1.202309131626/tools/bin/../lib/gcc/arm-none-eabi/11.3.1/thumb/v7e-m+fp/hard/crtn.o
OUTPUT(youlostit-ble.elf elf32-littlearm)
LOAD linker stubs
LOAD E:/STM32CubeIDE_1.13.2/STM32CubeIDE/plugins/com.st.stm32cube.ide.mcu.externaltools.gnu-tools-for-stm32.11.3.rel1.win32_1.1.1.202309131626/tools/bin/../lib/gcc/arm-none-eabi/11.3.1/../../../../arm-none-eabi/lib/thumb/v7e-m+fp/hard\libc.a
LOAD E:/STM32CubeIDE_1.13.2/STM32CubeIDE/plugins/com.st.stm32cube.ide.mcu.externaltools.gnu-tools-for-stm32.11.3.rel1.win32_1.1.1.202309131626/tools/bin/../lib/gcc/arm-none-eabi/11.3.1/../../../../arm-none-eabi/lib/thumb/v7e-m+fp/hard\libm.a
LOAD E:/STM32CubeIDE_1.13.2/STM32CubeIDE/plugins/com.st.stm32cube.ide.mcu.externaltools.gnu-tools-for-stm32.11.3.rel1.win32_1.1.1.202309131626/tools/bin/../lib/gcc/arm-none-eabi/11.3.1/thumb/v7e-m+fp/hard\libgcc.a

.comment        0x0000000000000000       0x43
 .comment       0x0000000000000000       0x43 E:/STM32CubeIDE_1.13.2/STM32CubeIDE/plugins/com.st.stm32cube.ide.mcu.externaltools.gnu-tools-for-stm32.11.3.rel1.win32_1.1.1.202309131626/tools/bin/../lib/gcc/arm-none-eabi/11.3.1/thumb/v7e-m+fp/hard/crtbegin.o
                                         0x44 (size before relaxing)
 .comment       0x0000000000000043       0x44 ./Core/Src/ble.o
 .comment       0x0000000000000043       0x44 ./Core/Src/i2c.o
 .comment       0x0000000000000043       0x44 ./Core/Src/leds.o
 .comment       0x0000000000000043       0x44 ./Core/Src/lsm6dsl.o
 .comment       0x0000000000000043       0x44 ./Core/Src/main.o
 .comment       0x0000000000000043       0x44 ./Core/Src/stm32l4xx_hal_msp.o
 .comment       0x0000000000000043       0x44 ./Core/Src/stm32l4xx_it.o
 .comment       0x0000000000000043       0x44 ./Core/Src/syscalls.o
 .comment       0x0000000000000043       0x44 ./Core/Src/system_stm32l4xx.o
 .comment       0x0000000000000043       0x44 ./Core/Src/timer.o
 .comment       0x0000000000000043       0x44 ./Drivers/STM32L4xx_HAL_Driver/Src/stm32l4xx_hal.o
 .comment       0x0000000000000043       0x44 ./Drivers/STM32L4xx_HAL_Driver/Src/stm32l4xx_hal_cortex.o
 .comment       0x0000000000000043       0x44 ./Drivers/STM32L4xx_HAL_Driver/Src/stm32l4xx_hal_gpio.o
 .comment       0x0000000000000043       0x44 ./Drivers/STM32L4xx_HAL_Driver/Src/stm32l4xx_hal_pwr_ex.o
 .comment       0x0000000000000043       0x44 ./Drivers/STM32L4xx_HAL_Driver/Src/stm32l4xx_hal_rcc.o
 .comment       0x0000000000000043       0x44 ./Drivers/STM32L4xx_HAL_Driver/Src/stm32l4xx_hal_spi.o

.debug_info     0x0000000000000000     0xa8d2
 .debug_info    0x0000000000000000      0xe94 ./Core/Src/ble.o
 .debug_info    0x0000000000000e94      0x469 ./Core/Src/i2c.o
 .debug_info    0x00000000000012fd      0x366 ./Core/Src/leds.o
 .debug_info    0x0000000000001663      0x1b1 ./Core/Src/lsm6dsl.o
 .debug_info    0x0000000000001814     0x1621 ./Core/Src/main.o
 .debug_info    0x0000000000002e35     0x16ae ./Core/Src/stm32l4xx_hal_msp.o
 .debug_info    0x00000000000044e3      0x158 ./Core/Src/stm32l4xx_it.o
 .debug_info    0x000000000000463b      0x715 ./Core/Src/syscalls.o
 .debug_info    0x0000000000004d50      0x5ce ./Core/Src/system_stm32l4xx.o
 .debug_info    0x000000000000531e      0xa67 ./Core/Src/timer.o
 .debug_info    0x0000000000005d85       0x23 ./Core/Startup/startup_stm32l475vgtx.o
 .debug_info    0x0000000000005da8      0xae5 ./Drivers/STM32L4xx_HAL_Driver/Src/stm32l4xx_hal.o
 .debug_info    0x000000000000688d      0xd46 ./Drivers/STM32L4xx_HAL_Driver/Src/stm32l4xx_hal_cortex.o
 .debug_info    0x00000000000075d3      0x757 ./Drivers/STM32L4xx_HAL_Driver/Src/stm32l4xx_hal_gpio.o
 .debug_info    0x0000000000007d2a      0x97a ./Drivers/STM32L4xx_HAL_Driver/Src/stm32l4xx_hal_pwr_ex.o
 .debug_info    0x00000000000086a4      0xc14 ./Drivers/STM32L4xx_HAL_Driver/Src/stm32l4xx_hal_rcc.o
 .debug_info    0x00000000000092b8     0x161a ./Drivers/STM32L4xx_HAL_Driver/Src/stm32l4xx_hal_spi.o

.debug_abbrev   0x0000000000000000     0x1fcd
 .debug_abbrev  0x0000000000000000      0x308 ./Core/Src/ble.o
 .debug_abbrev  0x0000000000000308      0x126 ./Core/Src/i2c.o
 .debug_abbrev  0x000000000000042e       0xdf ./Core/Src/leds.o
 .debug_abbrev  0x000000000000050d       0xd6 ./Core/Src/lsm6dsl.o
 .debug_abbrev  0x00000000000005e3      0x3d7 ./Core/Src/main.o
 .debug_abbrev  0x00000000000009ba      0x251 ./Core/Src/stm32l4xx_hal_msp.o
 .debug_abbrev  0x0000000000000c0b       0xb3 ./Core/Src/stm32l4xx_it.o
 .debug_abbrev  0x0000000000000cbe      0x1ca ./Core/Src/syscalls.o
 .debug_abbrev  0x0000000000000e88      0x13f ./Core/Src/system_stm32l4xx.o
 .debug_abbrev  0x0000000000000fc7      0x192 ./Core/Src/timer.o
 .debug_abbrev  0x0000000000001159       0x12 ./Core/Startup/startup_stm32l475vgtx.o
 .debug_abbrev  0x000000000000116b      0x242 ./Drivers/STM32L4xx_HAL_Driver/Src/stm32l4xx_hal.o
 .debug_abbrev  0x00000000000013ad      0x327 ./Drivers/STM32L4xx_HAL_Driver/Src/stm32l4xx_hal_cortex.o
 .debug_abbrev  0x00000000000016d4      0x1cb ./Drivers/STM32L4xx_HAL_Driver/Src/stm32l4xx_hal_gpio.o
 .debug_abbrev  0x000000000000189f      0x1f9 ./Drivers/STM32L4xx_HAL_Driver/Src/stm32l4xx_hal_pwr_ex.o
 .debug_abbrev  0x0000000000001a98      0x2cb ./Drivers/STM32L4xx_HAL_Driver/Src/stm32l4xx_hal_rcc.o
 .debug_abbrev  0x0000000000001d63      0x26a ./Drivers/STM32L4xx_HAL_Driver/Src/stm32l4xx_hal_spi.o

.debug_aranges  0x0000000000000000      0x9b0
 .debug_aranges
                0x0000000000000000       0x70 ./Core/Src/ble.o
 .debug_aranges
                0x0000000000000070       0x28 ./Core/Src/i2c.o
 .debug_aranges
                0x0000000000000098       0x28 ./Core/Src/leds.o
 .debug_aranges
                0x00000000000000c0       0x28 ./Core/Src/lsm6dsl.o
 .debug_aranges
                0x00000000000000e8       0x60 ./Core/Src/main.o
 .debug_aranges
                0x0000000000000148       0x68 ./Core/Src/stm32l4xx_hal_msp.o
 .debug_aranges
                0x00000000000001b0       0x68 ./Core/Src/stm32l4xx_it.o
 .debug_aranges
                0x0000000000000218       0xb0 ./Core/Src/syscalls.o
 .debug_aranges
                0x00000000000002c8       0x28 ./Core/Src/system_stm32l4xx.o
 .debug_aranges
                0x00000000000002f0       0x40 ./Core/Src/timer.o
 .debug_aranges
                0x0000000000000330       0x28 ./Core/Startup/startup_stm32l475vgtx.o
 .debug_aranges
                0x0000000000000358      0x130 ./Drivers/STM32L4xx_HAL_Driver/Src/stm32l4xx_hal.o
 .debug_aranges
                0x0000000000000488      0x118 ./Drivers/STM32L4xx_HAL_Driver/Src/stm32l4xx_hal_cortex.o
 .debug_aranges
                0x00000000000005a0       0x58 ./Drivers/STM32L4xx_HAL_Driver/Src/stm32l4xx_hal_gpio.o
 .debug_aranges
                0x00000000000005f8      0x150 ./Drivers/STM32L4xx_HAL_Driver/Src/stm32l4xx_hal_pwr_ex.o
 .debug_aranges
                0x0000000000000748       0x90 ./Drivers/STM32L4xx_HAL_Driver/Src/stm32l4xx_hal_rcc.o
 .debug_aranges
                0x00000000000007d8      0x1d8 ./Drivers/STM32L4xx_HAL_Driver/Src/stm32l4xx_hal_spi.o

.debug_rnglists
                0x0000000000000000      0x72d
 .debug_rnglists
                0x0000000000000000       0x56 ./Core/Src/ble.o
 .debug_rnglists
                0x0000000000000056       0x1b ./Core/Src/i2c.o
 .debug_rnglists
                0x0000000000000071       0x1b ./Core/Src/leds.o
 .debug_rnglists
                0x000000000000008c       0x1a ./Core/Src/lsm6dsl.o
 .debug_rnglists
                0x00000000000000a6       0x47 ./Core/Src/main.o
 .debug_rnglists
                0x00000000000000ed       0x4b ./Core/Src/stm32l4xx_hal_msp.o
 .debug_rnglists
                0x0000000000000138       0x49 ./Core/Src/stm32l4xx_it.o
 .debug_rnglists
                0x0000000000000181       0x7f ./Core/Src/syscalls.o
 .debug_rnglists
                0x0000000000000200       0x1a ./Core/Src/system_stm32l4xx.o
 .debug_rnglists
                0x000000000000021a       0x2c ./Core/Src/timer.o
 .debug_rnglists
                0x0000000000000246       0x19 ./Core/Startup/startup_stm32l475vgtx.o
 .debug_rnglists
                0x000000000000025f       0xdf ./Drivers/STM32L4xx_HAL_Driver/Src/stm32l4xx_hal.o
 .debug_rnglists
                0x000000000000033e       0xce ./Drivers/STM32L4xx_HAL_Driver/Src/stm32l4xx_hal_cortex.o
 .debug_rnglists
                0x000000000000040c       0x3f ./Drivers/STM32L4xx_HAL_Driver/Src/stm32l4xx_hal_gpio.o
 .debug_rnglists
                0x000000000000044b       0xfd ./Drivers/STM32L4xx_HAL_Driver/Src/stm32l4xx_hal_pwr_ex.o
 .debug_rnglists
                0x0000000000000548       0x6d ./Drivers/STM32L4xx_HAL_Driver/Src/stm32l4xx_hal_rcc.o
 .debug_rnglists
                0x00000000000005b5      0x178 ./Drivers/STM32L4xx_HAL_Driver/Src/stm32l4xx_hal_spi.o

.debug_macro    0x0000000000000000    0x275af
 .debug_macro   0x0000000000000000      0x2fd ./Core/Src/ble.o
 .debug_macro   0x00000000000002fd      0xaa8 ./Core/Src/ble.o
 .debug_macro   0x0000000000000da5      0x1ad ./Core/Src/ble.o
 .debug_macro   0x0000000000000f52       0x2e ./Core/Src/ble.o
 .debug_macro   0x0000000000000f80       0x28 ./Core/Src/ble.o
 .debug_macro   0x0000000000000fa8       0x22 ./Core/Src/ble.o
 .debug_macro   0x0000000000000fca       0x8e ./Core/Src/ble.o
 .debug_macro   0x0000000000001058       0x51 ./Core/Src/ble.o
 .debug_macro   0x00000000000010a9      0x103 ./Core/Src/ble.o
 .debug_macro   0x00000000000011ac       0x6a ./Core/Src/ble.o
 .debug_macro   0x0000000000001216      0x1df ./Core/Src/ble.o
 .debug_macro   0x00000000000013f5       0x1c ./Core/Src/ble.o
 .debug_macro   0x0000000000001411       0x22 ./Core/Src/ble.o
 .debug_macro   0x0000000000001433       0xfb ./Core/Src/ble.o
 .debug_macro   0x000000000000152e     0x1011 ./Core/Src/ble.o
 .debug_macro   0x000000000000253f      0x11f ./Core/Src/ble.o
 .debug_macro   0x000000000000265e    0x19dc7 ./Core/Src/ble.o
 .debug_macro   0x000000000001c425       0x6d ./Core/Src/ble.o
 .debug_macro   0x000000000001c492     0x38e6 ./Core/Src/ble.o
 .debug_macro   0x000000000001fd78      0x174 ./Core/Src/ble.o
 .debug_macro   0x000000000001feec       0x5c ./Core/Src/ble.o
 .debug_macro   0x000000000001ff48     0x1558 ./Core/Src/ble.o
 .debug_macro   0x00000000000214a0      0x5a5 ./Core/Src/ble.o
 .debug_macro   0x0000000000021a45      0x1b9 ./Core/Src/ble.o
 .debug_macro   0x0000000000021bfe      0x17d ./Core/Src/ble.o
 .debug_macro   0x0000000000021d7b      0x26b ./Core/Src/ble.o
 .debug_macro   0x0000000000021fe6      0x23d ./Core/Src/ble.o
 .debug_macro   0x0000000000022223      0x241 ./Core/Src/ble.o
 .debug_macro   0x0000000000022464      0x37c ./Core/Src/ble.o
 .debug_macro   0x00000000000227e0       0xd6 ./Core/Src/ble.o
 .debug_macro   0x00000000000228b6      0x22c ./Core/Src/ble.o
 .debug_macro   0x0000000000022ae2       0x61 ./Core/Src/ble.o
 .debug_macro   0x0000000000022b43       0xa5 ./Core/Src/ble.o
 .debug_macro   0x0000000000022be8      0x122 ./Core/Src/ble.o
 .debug_macro   0x0000000000022d0a      0x3e8 ./Core/Src/ble.o
 .debug_macro   0x00000000000230f2      0x2fe ./Core/Src/ble.o
 .debug_macro   0x00000000000233f0      0xa98 ./Core/Src/ble.o
 .debug_macro   0x0000000000023e88      0x1e6 ./Core/Src/ble.o
 .debug_macro   0x000000000002406e      0x330 ./Core/Src/ble.o
 .debug_macro   0x000000000002439e       0x46 ./Core/Src/ble.o
 .debug_macro   0x00000000000243e4       0x22 ./Core/Src/ble.o
 .debug_macro   0x0000000000024406       0x2a ./Core/Src/ble.o
 .debug_macro   0x0000000000024430       0x61 ./Core/Src/ble.o
 .debug_macro   0x0000000000024491       0x43 ./Core/Src/ble.o
 .debug_macro   0x00000000000244d4       0x34 ./Core/Src/ble.o
 .debug_macro   0x0000000000024508       0x16 ./Core/Src/ble.o
 .debug_macro   0x000000000002451e       0x35 ./Core/Src/ble.o
 .debug_macro   0x0000000000024553       0x16 ./Core/Src/ble.o
 .debug_macro   0x0000000000024569       0x43 ./Core/Src/ble.o
 .debug_macro   0x00000000000245ac       0x34 ./Core/Src/ble.o
 .debug_macro   0x00000000000245e0       0x10 ./Core/Src/ble.o
 .debug_macro   0x00000000000245f0       0x58 ./Core/Src/ble.o
 .debug_macro   0x0000000000024648       0x8e ./Core/Src/ble.o
 .debug_macro   0x00000000000246d6       0x1c ./Core/Src/ble.o
 .debug_macro   0x00000000000246f2      0x177 ./Core/Src/ble.o
 .debug_macro   0x0000000000024869      0x369 ./Core/Src/ble.o
 .debug_macro   0x0000000000024bd2       0x16 ./Core/Src/ble.o
 .debug_macro   0x0000000000024be8       0x29 ./Core/Src/ble.o
 .debug_macro   0x0000000000024c11       0x16 ./Core/Src/ble.o
 .debug_macro   0x0000000000024c27       0x20 ./Core/Src/ble.o
 .debug_macro   0x0000000000024c47       0x1c ./Core/Src/ble.o
 .debug_macro   0x0000000000024c63      0x19c ./Core/Src/i2c.o
 .debug_macro   0x0000000000024dff       0x16 ./Core/Src/i2c.o
 .debug_macro   0x0000000000024e15       0x97 ./Core/Src/i2c.o
 .debug_macro   0x0000000000024eac       0xfd ./Core/Src/i2c.o
 .debug_macro   0x0000000000024fa9       0x10 ./Core/Src/i2c.o
 .debug_macro   0x0000000000024fb9       0x16 ./Core/Src/i2c.o
 .debug_macro   0x0000000000024fcf       0x16 ./Core/Src/i2c.o
 .debug_macro   0x0000000000024fe5      0x147 ./Core/Src/i2c.o
 .debug_macro   0x000000000002512c       0xbf ./Core/Src/leds.o
 .debug_macro   0x00000000000251eb      0x15a ./Core/Src/lsm6dsl.o
 .debug_macro   0x0000000000025345      0x366 ./Core/Src/main.o
 .debug_macro   0x00000000000256ab       0x10 ./Core/Src/main.o
 .debug_macro   0x00000000000256bb       0x1c ./Core/Src/main.o
 .debug_macro   0x00000000000256d7       0x1c ./Core/Src/main.o
 .debug_macro   0x00000000000256f3      0x1e9 ./Core/Src/stm32l4xx_hal_msp.o
 .debug_macro   0x00000000000258dc      0x206 ./Core/Src/stm32l4xx_it.o
 .debug_macro   0x0000000000025ae2      0x274 ./Core/Src/syscalls.o
 .debug_macro   0x0000000000025d56       0x5b ./Core/Src/syscalls.o
 .debug_macro   0x0000000000025db1       0x94 ./Core/Src/syscalls.o
 .debug_macro   0x0000000000025e45       0x57 ./Core/Src/syscalls.o
 .debug_macro   0x0000000000025e9c       0x10 ./Core/Src/syscalls.o
 .debug_macro   0x0000000000025eac       0x10 ./Core/Src/syscalls.o
 .debug_macro   0x0000000000025ebc       0x10 ./Core/Src/syscalls.o
 .debug_macro   0x0000000000025ecc       0x10 ./Core/Src/syscalls.o
 .debug_macro   0x0000000000025edc       0x1c ./Core/Src/syscalls.o
 .debug_macro   0x0000000000025ef8       0x52 ./Core/Src/syscalls.o
 .debug_macro   0x0000000000025f4a       0x22 ./Core/Src/syscalls.o
 .debug_macro   0x0000000000025f6c       0x10 ./Core/Src/syscalls.o
 .debug_macro   0x0000000000025f7c       0x52 ./Core/Src/syscalls.o
 .debug_macro   0x0000000000025fce       0xcf ./Core/Src/syscalls.o
 .debug_macro   0x000000000002609d       0x1c ./Core/Src/syscalls.o
 .debug_macro   0x00000000000260b9       0x3d ./Core/Src/syscalls.o
 .debug_macro   0x00000000000260f6       0x35 ./Core/Src/syscalls.o
 .debug_macro   0x000000000002612b      0x12c ./Core/Src/syscalls.o
 .debug_macro   0x0000000000026257       0x10 ./Core/Src/syscalls.o
 .debug_macro   0x0000000000026267      0x242 ./Core/Src/syscalls.o
 .debug_macro   0x00000000000264a9       0x10 ./Core/Src/syscalls.o
 .debug_macro   0x00000000000264b9      0x18a ./Core/Src/syscalls.o
 .debug_macro   0x0000000000026643       0x16 ./Core/Src/syscalls.o
 .debug_macro   0x0000000000026659       0xce ./Core/Src/syscalls.o
 .debug_macro   0x0000000000026727      0x1e0 ./Core/Src/system_stm32l4xx.o
 .debug_macro   0x0000000000026907       0xc9 ./Core/Src/timer.o
 .debug_macro   0x00000000000269d0      0x228 ./Drivers/STM32L4xx_HAL_Driver/Src/stm32l4xx_hal.o
 .debug_macro   0x0000000000026bf8      0x1da ./Drivers/STM32L4xx_HAL_Driver/Src/stm32l4xx_hal_cortex.o
 .debug_macro   0x0000000000026dd2      0x1e1 ./Drivers/STM32L4xx_HAL_Driver/Src/stm32l4xx_hal_gpio.o
 .debug_macro   0x0000000000026fb3      0x1fe ./Drivers/STM32L4xx_HAL_Driver/Src/stm32l4xx_hal_pwr_ex.o
 .debug_macro   0x00000000000271b1      0x21c ./Drivers/STM32L4xx_HAL_Driver/Src/stm32l4xx_hal_rcc.o
 .debug_macro   0x00000000000273cd      0x1e2 ./Drivers/STM32L4xx_HAL_Driver/Src/stm32l4xx_hal_spi.o

.debug_line     0x0000000000000000     0xb398
 .debug_line    0x0000000000000000      0xbf9 ./Core/Src/ble.o
 .debug_line    0x0000000000000bf9      0x783 ./Core/Src/i2c.o
 .debug_line    0x000000000000137c      0x510 ./Core/Src/leds.o
 .debug_line    0x000000000000188c      0x5e5 ./Core/Src/lsm6dsl.o
 .debug_line    0x0000000000001e71      0xc0f ./Core/Src/main.o
 .debug_line    0x0000000000002a80      0x8bc ./Core/Src/stm32l4xx_hal_msp.o
 .debug_line    0x000000000000333c      0x851 ./Core/Src/stm32l4xx_it.o
 .debug_line    0x0000000000003b8d      0x8d6 ./Core/Src/syscalls.o
 .debug_line    0x0000000000004463      0x835 ./Core/Src/system_stm32l4xx.o
 .debug_line    0x0000000000004c98      0x5a3 ./Core/Src/timer.o
 .debug_line    0x000000000000523b       0x7a ./Core/Startup/startup_stm32l475vgtx.o
 .debug_line    0x00000000000052b5      0xb5a ./Drivers/STM32L4xx_HAL_Driver/Src/stm32l4xx_hal.o
 .debug_line    0x0000000000005e0f      0xd01 ./Drivers/STM32L4xx_HAL_Driver/Src/stm32l4xx_hal_cortex.o
 .debug_line    0x0000000000006b10      0xbce ./Drivers/STM32L4xx_HAL_Driver/Src/stm32l4xx_hal_gpio.o
 .debug_line    0x00000000000076de      0xd22 ./Drivers/STM32L4xx_HAL_Driver/Src/stm32l4xx_hal_pwr_ex.o
 .debug_line    0x0000000000008400      0xfd1 ./Drivers/STM32L4xx_HAL_Driver/Src/stm32l4xx_hal_rcc.o
 .debug_line    0x00000000000093d1     0x1fc7 ./Drivers/STM32L4xx_HAL_Driver/Src/stm32l4xx_hal_spi.o

.debug_str      0x0000000000000000    0xf0dc2
 .debug_str     0x0000000000000000    0xeb944 ./Core/Src/ble.o
                                      0xebc7e (size before relaxing)
 .debug_str     0x00000000000eb944      0x7fa ./Core/Src/i2c.o
                                      0xa0d93 (size before relaxing)
 .debug_str     0x00000000000ec13e       0x26 ./Core/Src/leds.o
                                      0x9d2dc (size before relaxing)
 .debug_str     0x00000000000ec164       0xe6 ./Core/Src/lsm6dsl.o
                                       0x785f (size before relaxing)
 .debug_str     0x00000000000ec24a      0x87f ./Core/Src/main.o
                                      0xec93b (size before relaxing)
 .debug_str     0x00000000000ecac9      0x870 ./Core/Src/stm32l4xx_hal_msp.o
                                      0xe9471 (size before relaxing)
 .debug_str     0x00000000000ed339       0xf5 ./Core/Src/stm32l4xx_it.o
                                      0xe814f (size before relaxing)
 .debug_str     0x00000000000ed42e     0x201b ./Core/Src/syscalls.o
                                       0x98ee (size before relaxing)
 .debug_str     0x00000000000ef449      0x107 ./Core/Src/system_stm32l4xx.o
                                      0xe8121 (size before relaxing)
 .debug_str     0x00000000000ef550       0x55 ./Core/Src/timer.o
                                      0x9d8dc (size before relaxing)
 .debug_str     0x00000000000ef5a5       0x34 ./Core/Startup/startup_stm32l475vgtx.o
                                         0x83 (size before relaxing)
 .debug_str     0x00000000000ef5d9      0x631 ./Drivers/STM32L4xx_HAL_Driver/Src/stm32l4xx_hal.o
                                      0xe8c90 (size before relaxing)
 .debug_str     0x00000000000efc0a      0x2e2 ./Drivers/STM32L4xx_HAL_Driver/Src/stm32l4xx_hal_cortex.o
                                      0xe8944 (size before relaxing)
 .debug_str     0x00000000000efeec       0xfe ./Drivers/STM32L4xx_HAL_Driver/Src/stm32l4xx_hal_gpio.o
                                      0xe827f (size before relaxing)
 .debug_str     0x00000000000effea      0x4a8 ./Drivers/STM32L4xx_HAL_Driver/Src/stm32l4xx_hal_pwr_ex.o
                                      0xe8626 (size before relaxing)
 .debug_str     0x00000000000f0492      0x3a6 ./Drivers/STM32L4xx_HAL_Driver/Src/stm32l4xx_hal_rcc.o
                                      0xe874c (size before relaxing)
 .debug_str     0x00000000000f0838      0x58a ./Drivers/STM32L4xx_HAL_Driver/Src/stm32l4xx_hal_spi.o
                                      0xe8927 (size before relaxing)

.debug_frame    0x0000000000000000     0x2a98
 .debug_frame   0x0000000000000000      0x1b0 ./Core/Src/ble.o
 .debug_frame   0x00000000000001b0       0x58 ./Core/Src/i2c.o
 .debug_frame   0x0000000000000208       0x58 ./Core/Src/leds.o
 .debug_frame   0x0000000000000260       0x58 ./Core/Src/lsm6dsl.o
 .debug_frame   0x00000000000002b8      0x13c ./Core/Src/main.o
 .debug_frame   0x00000000000003f4      0x188 ./Core/Src/stm32l4xx_hal_msp.o
 .debug_frame   0x000000000000057c      0x120 ./Core/Src/stm32l4xx_it.o
 .debug_frame   0x000000000000069c      0x2d0 ./Core/Src/syscalls.o
 .debug_frame   0x000000000000096c       0x58 ./Core/Src/system_stm32l4xx.o
 .debug_frame   0x00000000000009c4       0xd4 ./Core/Src/timer.o
 .debug_frame   0x0000000000000a98      0x498 ./Drivers/STM32L4xx_HAL_Driver/Src/stm32l4xx_hal.o
 .debug_frame   0x0000000000000f30      0x498 ./Drivers/STM32L4xx_HAL_Driver/Src/stm32l4xx_hal_cortex.o
 .debug_frame   0x00000000000013c8      0x14c ./Drivers/STM32L4xx_HAL_Driver/Src/stm32l4xx_hal_gpio.o
 .debug_frame   0x0000000000001514      0x544 ./Drivers/STM32L4xx_HAL_Driver/Src/stm32l4xx_hal_pwr_ex.o
 .debug_frame   0x0000000000001a58      0x21c ./Drivers/STM32L4xx_HAL_Driver/Src/stm32l4xx_hal_rcc.o
 .debug_frame   0x0000000000001c74      0x860 ./Drivers/STM32L4xx_HAL_Driver/Src/stm32l4xx_hal_spi.o
 .debug_frame   0x00000000000024d4       0x30 E:/STM32CubeIDE_1.13.2/STM32CubeIDE/plugins/com.st.stm32cube.ide.mcu.externaltools.gnu-tools-for-stm32.11.3.rel1.win32_1.1.1.202309131626/tools/bin/../lib/gcc/arm-none-eabi/11.3.1/../../../../arm-none-eabi/lib/thumb/v7e-m+fp/hard\libc_nano.a(libc_a-malloc.o)
 .debug_frame   0x0000000000002504       0x50 E:/STM32CubeIDE_1.13.2/STM32CubeIDE/plugins/com.st.stm32cube.ide.mcu.externaltools.gnu-tools-for-stm32.11.3.rel1.win32_1.1.1.202309131626/tools/bin/../lib/gcc/arm-none-eabi/11.3.1/../../../../arm-none-eabi/lib/thumb/v7e-m+fp/hard\libc_nano.a(libc_a-mallocr.o)
 .debug_frame   0x0000000000002554       0x30 E:/STM32CubeIDE_1.13.2/STM32CubeIDE/plugins/com.st.stm32cube.ide.mcu.externaltools.gnu-tools-for-stm32.11.3.rel1.win32_1.1.1.202309131626/tools/bin/../lib/gcc/arm-none-eabi/11.3.1/../../../../arm-none-eabi/lib/thumb/v7e-m+fp/hard\libc_nano.a(libc_a-mlock.o)
 .debug_frame   0x0000000000002584      0x144 E:/STM32CubeIDE_1.13.2/STM32CubeIDE/plugins/com.st.stm32cube.ide.mcu.externaltools.gnu-tools-for-stm32.11.3.rel1.win32_1.1.1.202309131626/tools/bin/../lib/gcc/arm-none-eabi/11.3.1/../../../../arm-none-eabi/lib/thumb/v7e-m+fp/hard\libc_nano.a(libc_a-findfp.o)
 .debug_frame   0x00000000000026c8       0x7c E:/STM32CubeIDE_1.13.2/STM32CubeIDE/plugins/com.st.stm32cube.ide.mcu.externaltools.gnu-tools-for-stm32.11.3.rel1.win32_1.1.1.202309131626/tools/bin/../lib/gcc/arm-none-eabi/11.3.1/../../../../arm-none-eabi/lib/thumb/v7e-m+fp/hard\libc_nano.a(libc_a-snprintf.o)
 .debug_frame   0x0000000000002744       0x20 E:/STM32CubeIDE_1.13.2/STM32CubeIDE/plugins/com.st.stm32cube.ide.mcu.externaltools.gnu-tools-for-stm32.11.3.rel1.win32_1.1.1.202309131626/tools/bin/../lib/gcc/arm-none-eabi/11.3.1/../../../../arm-none-eabi/lib/thumb/v7e-m+fp/hard\libc_nano.a(libc_a-memset.o)
 .debug_frame   0x0000000000002764       0x38 E:/STM32CubeIDE_1.13.2/STM32CubeIDE/plugins/com.st.stm32cube.ide.mcu.externaltools.gnu-tools-for-stm32.11.3.rel1.win32_1.1.1.202309131626/tools/bin/../lib/gcc/arm-none-eabi/11.3.1/../../../../arm-none-eabi/lib/thumb/v7e-m+fp/hard\libc_nano.a(libc_a-reent.o)
 .debug_frame   0x000000000000279c       0x2c E:/STM32CubeIDE_1.13.2/STM32CubeIDE/plugins/com.st.stm32cube.ide.mcu.externaltools.gnu-tools-for-stm32.11.3.rel1.win32_1.1.1.202309131626/tools/bin/../lib/gcc/arm-none-eabi/11.3.1/../../../../arm-none-eabi/lib/thumb/v7e-m+fp/hard\libc_nano.a(libc_a-sbrkr.o)
 .debug_frame   0x00000000000027c8       0x20 E:/STM32CubeIDE_1.13.2/STM32CubeIDE/plugins/com.st.stm32cube.ide.mcu.externaltools.gnu-tools-for-stm32.11.3.rel1.win32_1.1.1.202309131626/tools/bin/../lib/gcc/arm-none-eabi/11.3.1/../../../../arm-none-eabi/lib/thumb/v7e-m+fp/hard\libc_nano.a(libc_a-errno.o)
 .debug_frame   0x00000000000027e8       0x2c E:/STM32CubeIDE_1.13.2/STM32CubeIDE/plugins/com.st.stm32cube.ide.mcu.externaltools.gnu-tools-for-stm32.11.3.rel1.win32_1.1.1.202309131626/tools/bin/../lib/gcc/arm-none-eabi/11.3.1/../../../../arm-none-eabi/lib/thumb/v7e-m+fp/hard\libc_nano.a(libc_a-init.o)
 .debug_frame   0x0000000000002814       0xb0 E:/STM32CubeIDE_1.13.2/STM32CubeIDE/plugins/com.st.stm32cube.ide.mcu.externaltools.gnu-tools-for-stm32.11.3.rel1.win32_1.1.1.202309131626/tools/bin/../lib/gcc/arm-none-eabi/11.3.1/../../../../arm-none-eabi/lib/thumb/v7e-m+fp/hard\libc_nano.a(libc_a-lock.o)
 .debug_frame   0x00000000000028c4       0x28 E:/STM32CubeIDE_1.13.2/STM32CubeIDE/plugins/com.st.stm32cube.ide.mcu.externaltools.gnu-tools-for-stm32.11.3.rel1.win32_1.1.1.202309131626/tools/bin/../lib/gcc/arm-none-eabi/11.3.1/../../../../arm-none-eabi/lib/thumb/v7e-m+fp/hard\libc_nano.a(libc_a-memcpy-stub.o)
 .debug_frame   0x00000000000028ec       0x38 E:/STM32CubeIDE_1.13.2/STM32CubeIDE/plugins/com.st.stm32cube.ide.mcu.externaltools.gnu-tools-for-stm32.11.3.rel1.win32_1.1.1.202309131626/tools/bin/../lib/gcc/arm-none-eabi/11.3.1/../../../../arm-none-eabi/lib/thumb/v7e-m+fp/hard\libc_nano.a(libc_a-freer.o)
 .debug_frame   0x0000000000002924       0x90 E:/STM32CubeIDE_1.13.2/STM32CubeIDE/plugins/com.st.stm32cube.ide.mcu.externaltools.gnu-tools-for-stm32.11.3.rel1.win32_1.1.1.202309131626/tools/bin/../lib/gcc/arm-none-eabi/11.3.1/../../../../arm-none-eabi/lib/thumb/v7e-m+fp/hard\libc_nano.a(libc_a-nano-svfprintf.o)
 .debug_frame   0x00000000000029b4       0x60 E:/STM32CubeIDE_1.13.2/STM32CubeIDE/plugins/com.st.stm32cube.ide.mcu.externaltools.gnu-tools-for-stm32.11.3.rel1.win32_1.1.1.202309131626/tools/bin/../lib/gcc/arm-none-eabi/11.3.1/../../../../arm-none-eabi/lib/thumb/v7e-m+fp/hard\libc_nano.a(libc_a-nano-vfprintf_i.o)
 .debug_frame   0x0000000000002a14       0x28 E:/STM32CubeIDE_1.13.2/STM32CubeIDE/plugins/com.st.stm32cube.ide.mcu.externaltools.gnu-tools-for-stm32.11.3.rel1.win32_1.1.1.202309131626/tools/bin/../lib/gcc/arm-none-eabi/11.3.1/../../../../arm-none-eabi/lib/thumb/v7e-m+fp/hard\libc_nano.a(libc_a-memmove.o)
 .debug_frame   0x0000000000002a3c       0x3c E:/STM32CubeIDE_1.13.2/STM32CubeIDE/plugins/com.st.stm32cube.ide.mcu.externaltools.gnu-tools-for-stm32.11.3.rel1.win32_1.1.1.202309131626/tools/bin/../lib/gcc/arm-none-eabi/11.3.1/../../../../arm-none-eabi/lib/thumb/v7e-m+fp/hard\libc_nano.a(libc_a-reallocr.o)
 .debug_frame   0x0000000000002a78       0x20 E:/STM32CubeIDE_1.13.2/STM32CubeIDE/plugins/com.st.stm32cube.ide.mcu.externaltools.gnu-tools-for-stm32.11.3.rel1.win32_1.1.1.202309131626/tools/bin/../lib/gcc/arm-none-eabi/11.3.1/../../../../arm-none-eabi/lib/thumb/v7e-m+fp/hard\libc_nano.a(libc_a-msizer.o)

.debug_line_str
                0x0000000000000000       0x77
 .debug_line_str
                0x0000000000000000       0x77 ./Core/Startup/startup_stm32l475vgtx.o
                                         0x8f (size before relaxing)
