21:14:54 **** Incremental Build of configuration Debug for project youlostit-ble ****
make -j8 all 
arm-none-eabi-gcc "../Core/Src/main.c" -mcpu=cortex-m4 -std=gnu11 -g3 -DDEBUG -DUSE_HAL_DRIVER -DSTM32L475xx -c -I../Core/Inc -I../Drivers/STM32L4xx_HAL_Driver/Inc -I../Drivers/STM32L4xx_HAL_Driver/Inc/Legacy -I../Drivers/CMSIS/Device/ST/STM32L4xx/Include -I../Drivers/CMSIS/Include -O0 -ffunction-sections -fdata-sections -Wall -fstack-usage -fcyclomatic-complexity -MMD -MP -MF"Core/Src/main.d" -MT"Core/Src/main.o" --specs=nano.specs -mfpu=fpv4-sp-d16 -mfloat-abi=hard -mthumb -o "Core/Src/main.o"
arm-none-eabi-gcc -o "youlostit-ble.elf" @"objects.list"   -mcpu=cortex-m4 -T"D:\UC San Diego Courses\Fall 2023\CSE 190\Projects\3\main\youlostit-ble\STM32L475VGTX_FLASH.ld" --specs=nosys.specs -Wl,-Map="youlostit-ble.map" -Wl,--gc-sections -static --specs=nano.specs -mfpu=fpv4-sp-d16 -mfloat-abi=hard -mthumb -Wl,--start-group -lc -lm -Wl,--end-group
Finished building target: youlostit-ble.elf
 
arm-none-eabi-size   youlostit-ble.elf 
arm-none-eabi-objdump -h -S  youlostit-ble.elf  > "youlostit-ble.list"
   text	   data	    bss	    dec	    hex	filename
  16688	    420	   2376	  19484	   4c1c	youlostit-ble.elf
Finished building: default.size.stdout
 
Finished building: youlostit-ble.list
 

21:14:55 Build Finished. 0 errors, 0 warnings. (took 753ms)

